 DEFENSE

 Timestamp is 6947bfb7 (Sun Dec 21 18:36:55 2025)

 Preferred load address is 00400000

 Start         Length     Name                   Class
 0001:00000000 00001aa0H .text$mn                CODE
 0002:00000000 0000014cH .idata$5                DATA
 0002:0000014c 00000008H .00cfg                  DATA
 0002:00000154 00000004H .CRT$XCA                DATA
 0002:00000158 00000004H .CRT$XCAA               DATA
 0002:0000015c 00000004H .CRT$XCZ                DATA
 0002:00000160 00000004H .CRT$XIA                DATA
 0002:00000164 00000004H .CRT$XIAA               DATA
 0002:00000168 00000004H .CRT$XIAC               DATA
 0002:0000016c 00000004H .CRT$XIZ                DATA
 0002:00000170 00000004H .CRT$XPA                DATA
 0002:00000174 00000004H .CRT$XPZ                DATA
 0002:00000178 00000004H .CRT$XTA                DATA
 0002:0000017c 00000004H .CRT$XTZ                DATA
 0002:00000180 00000000H .gfids$y                DATA
 0002:00000180 000007c0H .rdata                  DATA
 0002:00000940 00000000H .rdata$CastGuardVftablesA DATA
 0002:00000940 00000000H .rdata$CastGuardVftablesC DATA
 0002:00000940 00000004H .rdata$sxdata           DATA
 0002:00000944 0000006cH .rdata$voltmd           DATA
 0002:000009b0 000002d4H .rdata$zzzdbg           DATA
 0002:00000c84 00000004H .rtc$IAA                DATA
 0002:00000c88 00000004H .rtc$IZZ                DATA
 0002:00000c8c 00000004H .rtc$TAA                DATA
 0002:00000c90 00000008H .rtc$TZZ                DATA
 0002:00000c98 0000003cH .xdata$x                DATA
 0002:00000cd4 00000000H .edata                  DATA
 0002:00000cd4 000000b4H .idata$2                DATA
 0002:00000d88 00000014H .idata$3                DATA
 0002:00000d9c 0000014cH .idata$4                DATA
 0002:00000ee8 00000694H .idata$6                DATA
 0003:00000000 00000090H .data                   DATA
 0003:00000090 00000390H .bss                    DATA
 0004:00000000 00000060H .rsrc$01                DATA
 0004:00000060 00000180H .rsrc$02                DATA

  Address         Publics by Value              Rva+Base       Lib:Object

 0000:00000000       ___AbsoluteZero            00000000     <absolute>
 0000:00000000       ___arm64x_extra_rfe_table  00000000     <absolute>
 0000:00000000       ___arm64x_extra_rfe_table_size 00000000     <absolute>
 0000:00000000       ___arm64x_native_entrypoint 00000000     <absolute>
 0000:00000000       ___arm64x_redirection_metadata 00000000     <absolute>
 0000:00000000       ___arm64x_redirection_metadata_count 00000000     <absolute>
 0000:00000000       ___dynamic_value_reloc_table 00000000     <absolute>
 0000:00000000       ___enclave_config          00000000     <absolute>
 0000:00000000       ___guard_check_icall_a64n_fptr 00000000     <absolute>
 0000:00000000       ___guard_eh_cont_count     00000000     <absolute>
 0000:00000000       ___guard_eh_cont_table     00000000     <absolute>
 0000:00000000       ___guard_fids_count        00000000     <absolute>
 0000:00000000       ___guard_fids_table        00000000     <absolute>
 0000:00000000       ___guard_iat_count         00000000     <absolute>
 0000:00000000       ___guard_iat_table         00000000     <absolute>
 0000:00000000       ___guard_longjmp_count     00000000     <absolute>
 0000:00000000       ___guard_longjmp_table     00000000     <absolute>
 0000:00000000       ___hybrid_auxiliary_delayload_iat 00000000     <absolute>
 0000:00000000       ___hybrid_auxiliary_delayload_iat_copy 00000000     <absolute>
 0000:00000000       ___hybrid_auxiliary_iat    00000000     <absolute>
 0000:00000000       ___hybrid_auxiliary_iat_copy 00000000     <absolute>
 0000:00000000       ___hybrid_code_map         00000000     <absolute>
 0000:00000000       ___hybrid_code_map_count   00000000     <absolute>
 0000:00000000       ___hybrid_image_info_bitfield 00000000     <absolute>
 0000:00000000       ___x64_code_ranges_to_entry_points 00000000     <absolute>
 0000:00000000       ___x64_code_ranges_to_entry_points_count 00000000     <absolute>
 0000:00000001       ___safe_se_handler_count   00000001     <absolute>
 0000:00000100       ___guard_flags             00000100     <absolute>
 0000:00000000       ___ImageBase               00400000     <linker-defined>
 0001:00000000       ___local_stdio_printf_options 00401000 f i 2115227_±Ë¡§¿±_defense.obj
 0001:00000010       __vfwprintf_l              00401010 f i 2115227_±Ë¡§¿±_defense.obj
 0001:00000040       _wprintf                   00401040 f i 2115227_±Ë¡§¿±_defense.obj
 0001:00000080       __vswprintf_s_l            00401080 f i 2115227_±Ë¡§¿±_defense.obj
 0001:000000d0       _vswprintf_s               004010d0 f i 2115227_±Ë¡§¿±_defense.obj
 0001:000000f0       __vfprintf_l               004010f0 f i 2115227_±Ë¡§¿±_defense.obj
 0001:00000120       _printf                    00401120 f i 2115227_±Ë¡§¿±_defense.obj
 0001:000001a0       ?printTimestamp@@YAXPB_W@Z 004011a0 f   2115227_±Ë¡§¿±_defense.obj
 0001:00000200       ?FindProcessID@@YAKPB_W@Z  00401200 f   2115227_±Ë¡§¿±_defense.obj
 0001:00000290       ?GetModuleBaseAddress@@YAPAXKPB_W@Z 00401290 f   2115227_±Ë¡§¿±_defense.obj
 0001:00000330       ?GetExecutableSection@@YAHPAXPAEPAPAXPAK@Z 00401330 f   2115227_±Ë¡§¿±_defense.obj
 0001:00000550       ?InjectDLL@@YAHKPB_W@Z     00401550 f   2115227_±Ë¡§¿±_defense.obj
 0001:00000750       ?detectR3@@YAXPAX@Z        00401750 f   2115227_±Ë¡§¿±_defense.obj
 0001:000009c0       ?DetectCodeInjection32@@YAXPAX@Z 004019c0 f   2115227_±Ë¡§¿±_defense.obj
 0001:00000a90       _main                      00401a90 f   2115227_±Ë¡§¿±_defense.obj
 0001:00000ca0       ??$swprintf_s@$0BAA@@@YAHAAY0BAA@_WPB_WZZ 00401ca0 f i 2115227_±Ë¡§¿±_defense.obj
 0001:00000f11       _mainCRTStartup            00401f11 f   MSVCRT:exe_main.obj
 0001:00000f5d       ___scrt_acquire_startup_lock 00401f5d f   MSVCRT:utility.obj
 0001:00000f8f       ___scrt_initialize_crt     00401f8f f   MSVCRT:utility.obj
 0001:00000fc8       ___scrt_initialize_onexit_tables 00401fc8 f   MSVCRT:utility.obj
 0001:0000104f       ___scrt_is_nonwritable_in_current_image 0040204f f   MSVCRT:utility.obj
 0001:000010e6       ___scrt_release_startup_lock 004020e6 f   MSVCRT:utility.obj
 0001:00001103       ___scrt_uninitialize_crt   00402103 f   MSVCRT:utility.obj
 0001:0000112b       __onexit                   0040212b f   MSVCRT:utility.obj
 0001:00001159       _atexit                    00402159 f   MSVCRT:utility.obj
 0001:000011bb       ___security_init_cookie    004021bb f   MSVCRT:gs_support.obj
 0001:00001206       ___scrt_exe_initialize_mta 00402206 f   MSVCRT:utility_desktop.obj
 0001:00001206       ___scrt_initialize_winrt   00402206 f   MSVCRT:utility_desktop.obj
 0001:00001206       ___scrt_stub_for_initialize_mta 00402206 f   MSVCRT:utility_desktop.obj
 0001:00001206       __get_startup_commit_mode  00402206 f   MSVCRT:commit_mode.obj
 0001:00001206       __get_startup_new_mode     00402206 f   MSVCRT:new_mode.obj
 0001:00001206       __get_startup_thread_locale_mode 00402206 f   MSVCRT:thread_locale.obj
 0001:00001206       __matherr                  00402206 f   MSVCRT:matherr.obj
 0001:00001209       __get_startup_argv_mode    00402209 f   MSVCRT:argv_mode.obj
 0001:0000120d       __get_startup_file_mode    0040220d f   MSVCRT:file_mode.obj
 0001:00001213       ?__scrt_initialize_type_info@@YAXXZ 00402213 f   MSVCRT:tncleanup.obj
 0001:0000121f       ___acrt_initialize         0040221f f   MSVCRT:ucrt_stubs.obj
 0001:0000121f       ___acrt_uninitialize       0040221f f   MSVCRT:ucrt_stubs.obj
 0001:0000121f       ___scrt_stub_for_acrt_initialize 0040221f f   MSVCRT:ucrt_stubs.obj
 0001:0000121f       ___scrt_stub_for_acrt_uninitialize 0040221f f   MSVCRT:ucrt_stubs.obj
 0001:0000121f       ___vcrt_initialize         0040221f f   MSVCRT:ucrt_stubs.obj
 0001:0000121f       ___vcrt_uninitialize       0040221f f   MSVCRT:ucrt_stubs.obj
 0001:0000121f       __should_initialize_environment 0040221f f   MSVCRT:env_mode.obj
 0001:00001222       __initialize_default_precision 00402222 f   MSVCRT:default_precision.obj
 0001:00001243       @_guard_check_icall_nop@4  00402243 f   MSVCRT:guard_support.obj
 0001:00001243       __initialize_denormal_control 00402243 f   MSVCRT:denormal_control.obj
 0001:00001243       __initialize_invalid_parameter_handler 00402243 f   MSVCRT:invalid_parameter_handler.obj
 0001:00001246       ___local_stdio_scanf_options 00402246 f i MSVCRT:default_local_stdio_options.obj
 0001:0000124c       ___scrt_initialize_default_local_stdio_options 0040224c f   MSVCRT:default_local_stdio_options.obj
 0001:00001269       ___scrt_is_user_matherr_present 00402269 f   MSVCRT:matherr_detection.obj
 0001:00001275       ___scrt_get_dyn_tls_init_callback 00402275 f   MSVCRT:dyn_tls_init.obj
 0001:0000127b       ___scrt_get_dyn_tls_dtor_callback 0040227b f   MSVCRT:dyn_tls_dtor.obj
 0001:00001281       ___scrt_fastfail           00402281 f   MSVCRT:utility_desktop.obj
 0001:00001396       ___scrt_initialize_mta     00402396 f   MSVCRT:utility_desktop.obj
 0001:0000139b       ___scrt_is_managed_app     0040239b f   MSVCRT:utility_desktop.obj
 0001:000013dd       ___scrt_set_unhandled_exception_filter 004023dd f   MSVCRT:utility_desktop.obj
 0001:000013e9       ___scrt_unhandled_exception_filter@4 004023e9 f   MSVCRT:utility_desktop.obj
 0001:0000143f       __crt_debugger_hook        0040243f f   MSVCRT:utility_desktop.obj
 0001:0000144a       __RTC_Initialize           0040244a f   MSVCRT:initsect.obj
 0001:00001476       __RTC_Terminate            00402476 f   MSVCRT:initsect.obj
 0001:000014b0       __SEH_prolog4              004024b0 f   MSVCRT:sehprolg4.obj
 0001:000014f5       __except_handler4          004024f5 f   MSVCRT:chandler4gs.obj
 0001:00001524       ___isa_available_init      00402524 f   MSVCRT:cpu_disp.obj
 0001:0000183e       ___scrt_is_ucrt_dll_in_use 0040283e f   MSVCRT:ucrt_detection.obj
 0001:0000184a       @__security_check_cookie@4 0040284a f   MSVCRT:secchk.obj
 0001:00001858       ___raise_securityfailure   00402858 f   MSVCRT:gs_report.obj
 0001:00001880       ___report_gsfailure        00402880 f   MSVCRT:gs_report.obj
 0001:0000197b       ___current_exception       0040297b f   vcruntime:VCRUNTIME140.dll
 0001:00001981       ___current_exception_context 00402981 f   vcruntime:VCRUNTIME140.dll
 0001:00001987       _memset                    00402987 f   vcruntime:VCRUNTIME140.dll
 0001:0000198d       __except_handler4_common   0040298d f   vcruntime:VCRUNTIME140.dll
 0001:00001993       __seh_filter_exe           00402993 f   ucrt:api-ms-win-crt-runtime-l1-1-0.dll
 0001:00001999       __set_app_type             00402999 f   ucrt:api-ms-win-crt-runtime-l1-1-0.dll
 0001:0000199f       ___setusermatherr          0040299f f   ucrt:api-ms-win-crt-math-l1-1-0.dll
 0001:000019a5       __configure_narrow_argv    004029a5 f   ucrt:api-ms-win-crt-runtime-l1-1-0.dll
 0001:000019ab       __initialize_narrow_environment 004029ab f   ucrt:api-ms-win-crt-runtime-l1-1-0.dll
 0001:000019b1       __get_initial_narrow_environment 004029b1 f   ucrt:api-ms-win-crt-runtime-l1-1-0.dll
 0001:000019b7       __initterm                 004029b7 f   ucrt:api-ms-win-crt-runtime-l1-1-0.dll
 0001:000019bd       __initterm_e               004029bd f   ucrt:api-ms-win-crt-runtime-l1-1-0.dll
 0001:000019c3       _exit                      004029c3 f   ucrt:api-ms-win-crt-runtime-l1-1-0.dll
 0001:000019c9       __exit                     004029c9 f   ucrt:api-ms-win-crt-runtime-l1-1-0.dll
 0001:000019cf       __set_fmode                004029cf f   ucrt:api-ms-win-crt-stdio-l1-1-0.dll
 0001:000019d5       ___p___argc                004029d5 f   ucrt:api-ms-win-crt-runtime-l1-1-0.dll
 0001:000019db       ___p___argv                004029db f   ucrt:api-ms-win-crt-runtime-l1-1-0.dll
 0001:000019e1       __cexit                    004029e1 f   ucrt:api-ms-win-crt-runtime-l1-1-0.dll
 0001:000019e7       __c_exit                   004029e7 f   ucrt:api-ms-win-crt-runtime-l1-1-0.dll
 0001:000019ed       __register_thread_local_exe_atexit_callback 004029ed f   ucrt:api-ms-win-crt-runtime-l1-1-0.dll
 0001:000019f3       __configthreadlocale       004029f3 f   ucrt:api-ms-win-crt-locale-l1-1-0.dll
 0001:000019f9       __set_new_mode             004029f9 f   ucrt:api-ms-win-crt-heap-l1-1-0.dll
 0001:000019ff       ___p__commode              004029ff f   ucrt:api-ms-win-crt-stdio-l1-1-0.dll
 0001:00001a05       __initialize_onexit_table  00402a05 f   ucrt:api-ms-win-crt-runtime-l1-1-0.dll
 0001:00001a0b       __register_onexit_function 00402a0b f   ucrt:api-ms-win-crt-runtime-l1-1-0.dll
 0001:00001a11       __crt_atexit               00402a11 f   ucrt:api-ms-win-crt-runtime-l1-1-0.dll
 0001:00001a17       __controlfp_s              00402a17 f   ucrt:api-ms-win-crt-runtime-l1-1-0.dll
 0001:00001a1d       _terminate                 00402a1d f   ucrt:api-ms-win-crt-runtime-l1-1-0.dll
 0001:00001a23       __filter_x86_sse2_floating_point_exception 00402a23 f   MSVCRT:x86_exception_filter.obj
 0001:00001a23       __filter_x86_sse2_floating_point_exception_default 00402a23 f   MSVCRT:x86_exception_filter.obj
 0001:00001a9a       _memcmp                    00402a9a f   vcruntime:VCRUNTIME140.dll
 0002:00000000       __imp__WriteProcessMemory@20 00403000     kernel32:KERNEL32.dll
 0002:00000004       __imp__GetFullPathNameW@16 00403004     kernel32:KERNEL32.dll
 0002:00000008       __imp__WaitForSingleObject@8 00403008     kernel32:KERNEL32.dll
 0002:0000000c       __imp__GetFileAttributesW@4 0040300c     kernel32:KERNEL32.dll
 0002:00000010       __imp__GetModuleHandleA@4  00403010     kernel32:KERNEL32.dll
 0002:00000014       __imp__OpenProcess@12      00403014     kernel32:KERNEL32.dll
 0002:00000018       __imp__CreateToolhelp32Snapshot@8 00403018     kernel32:KERNEL32.dll
 0002:0000001c       __imp__GetExitCodeThread@8 0040301c     kernel32:KERNEL32.dll
 0002:00000020       __imp__Sleep@4             00403020     kernel32:KERNEL32.dll
 0002:00000024       __imp__GetLastError@0      00403024     kernel32:KERNEL32.dll
 0002:00000028       __imp__Process32NextW@8    00403028     kernel32:KERNEL32.dll
 0002:0000002c       __imp__Process32FirstW@8   0040302c     kernel32:KERNEL32.dll
 0002:00000030       __imp__CloseHandle@4       00403030     kernel32:KERNEL32.dll
 0002:00000034       __imp__Module32FirstW@8    00403034     kernel32:KERNEL32.dll
 0002:00000038       __imp__VirtualProtectEx@20 00403038     kernel32:KERNEL32.dll
 0002:0000003c       __imp__GetProcAddress@8    0040303c     kernel32:KERNEL32.dll
 0002:00000040       __imp__VirtualAllocEx@20   00403040     kernel32:KERNEL32.dll
 0002:00000044       __imp__ReadProcessMemory@20 00403044     kernel32:KERNEL32.dll
 0002:00000048       __imp__CreateRemoteThread@28 00403048     kernel32:KERNEL32.dll
 0002:0000004c       __imp__Module32NextW@8     0040304c     kernel32:KERNEL32.dll
 0002:00000050       __imp__VirtualFreeEx@16    00403050     kernel32:KERNEL32.dll
 0002:00000054       __imp__VirtualQueryEx@16   00403054     kernel32:KERNEL32.dll
 0002:00000058       __imp__GetCurrentProcessId@0 00403058     kernel32:KERNEL32.dll
 0002:0000005c       __imp__GetCurrentThreadId@0 0040305c     kernel32:KERNEL32.dll
 0002:00000060       __imp__GetSystemTimeAsFileTime@4 00403060     kernel32:KERNEL32.dll
 0002:00000064       __imp__InitializeSListHead@4 00403064     kernel32:KERNEL32.dll
 0002:00000068       __imp__IsDebuggerPresent@0 00403068     kernel32:KERNEL32.dll
 0002:0000006c       __imp__UnhandledExceptionFilter@4 0040306c     kernel32:KERNEL32.dll
 0002:00000070       __imp__TerminateProcess@8  00403070     kernel32:KERNEL32.dll
 0002:00000074       __imp__GetCurrentProcess@0 00403074     kernel32:KERNEL32.dll
 0002:00000078       __imp__GetModuleHandleW@4  00403078     kernel32:KERNEL32.dll
 0002:0000007c       __imp__IsProcessorFeaturePresent@4 0040307c     kernel32:KERNEL32.dll
 0002:00000080       __imp__SetUnhandledExceptionFilter@4 00403080     kernel32:KERNEL32.dll
 0002:00000084       __imp__QueryPerformanceCounter@4 00403084     kernel32:KERNEL32.dll
 0002:00000088       \177KERNEL32_NULL_THUNK_DATA 00403088     kernel32:KERNEL32.dll
 0002:0000008c       __imp____current_exception 0040308c     vcruntime:VCRUNTIME140.dll
 0002:00000090       __imp____current_exception_context 00403090     vcruntime:VCRUNTIME140.dll
 0002:00000094       __imp__memset              00403094     vcruntime:VCRUNTIME140.dll
 0002:00000098       __imp___except_handler4_common 00403098     vcruntime:VCRUNTIME140.dll
 0002:0000009c       __imp__memcmp              0040309c     vcruntime:VCRUNTIME140.dll
 0002:000000a0       \177VCRUNTIME140_NULL_THUNK_DATA 004030a0     vcruntime:VCRUNTIME140.dll
 0002:000000a4       __imp___set_new_mode       004030a4     ucrt:api-ms-win-crt-heap-l1-1-0.dll
 0002:000000a8       __imp__malloc              004030a8     ucrt:api-ms-win-crt-heap-l1-1-0.dll
 0002:000000ac       __imp__free                004030ac     ucrt:api-ms-win-crt-heap-l1-1-0.dll
 0002:000000b0       \177api-ms-win-crt-heap-l1-1-0_NULL_THUNK_DATA 004030b0     ucrt:api-ms-win-crt-heap-l1-1-0.dll
 0002:000000b4       __imp___configthreadlocale 004030b4     ucrt:api-ms-win-crt-locale-l1-1-0.dll
 0002:000000b8       __imp__setlocale           004030b8     ucrt:api-ms-win-crt-locale-l1-1-0.dll
 0002:000000bc       \177api-ms-win-crt-locale-l1-1-0_NULL_THUNK_DATA 004030bc     ucrt:api-ms-win-crt-locale-l1-1-0.dll
 0002:000000c0       __imp____setusermatherr    004030c0     ucrt:api-ms-win-crt-math-l1-1-0.dll
 0002:000000c4       \177api-ms-win-crt-math-l1-1-0_NULL_THUNK_DATA 004030c4     ucrt:api-ms-win-crt-math-l1-1-0.dll
 0002:000000c8       __imp____p___argv          004030c8     ucrt:api-ms-win-crt-runtime-l1-1-0.dll
 0002:000000cc       __imp___cexit              004030cc     ucrt:api-ms-win-crt-runtime-l1-1-0.dll
 0002:000000d0       __imp___c_exit             004030d0     ucrt:api-ms-win-crt-runtime-l1-1-0.dll
 0002:000000d4       __imp___register_thread_local_exe_atexit_callback 004030d4     ucrt:api-ms-win-crt-runtime-l1-1-0.dll
 0002:000000d8       __imp___exit               004030d8     ucrt:api-ms-win-crt-runtime-l1-1-0.dll
 0002:000000dc       __imp__exit                004030dc     ucrt:api-ms-win-crt-runtime-l1-1-0.dll
 0002:000000e0       __imp___initterm_e         004030e0     ucrt:api-ms-win-crt-runtime-l1-1-0.dll
 0002:000000e4       __imp___initialize_onexit_table 004030e4     ucrt:api-ms-win-crt-runtime-l1-1-0.dll
 0002:000000e8       __imp___register_onexit_function 004030e8     ucrt:api-ms-win-crt-runtime-l1-1-0.dll
 0002:000000ec       __imp___crt_atexit         004030ec     ucrt:api-ms-win-crt-runtime-l1-1-0.dll
 0002:000000f0       __imp___controlfp_s        004030f0     ucrt:api-ms-win-crt-runtime-l1-1-0.dll
 0002:000000f4       __imp__terminate           004030f4     ucrt:api-ms-win-crt-runtime-l1-1-0.dll
 0002:000000f8       __imp___initterm           004030f8     ucrt:api-ms-win-crt-runtime-l1-1-0.dll
 0002:000000fc       __imp___get_initial_narrow_environment 004030fc     ucrt:api-ms-win-crt-runtime-l1-1-0.dll
 0002:00000100       __imp___set_app_type       00403100     ucrt:api-ms-win-crt-runtime-l1-1-0.dll
 0002:00000104       __imp___seh_filter_exe     00403104     ucrt:api-ms-win-crt-runtime-l1-1-0.dll
 0002:00000108       __imp___configure_narrow_argv 00403108     ucrt:api-ms-win-crt-runtime-l1-1-0.dll
 0002:0000010c       __imp____p___argc          0040310c     ucrt:api-ms-win-crt-runtime-l1-1-0.dll
 0002:00000110       __imp___initialize_narrow_environment 00403110     ucrt:api-ms-win-crt-runtime-l1-1-0.dll
 0002:00000114       \177api-ms-win-crt-runtime-l1-1-0_NULL_THUNK_DATA 00403114     ucrt:api-ms-win-crt-runtime-l1-1-0.dll
 0002:00000118       __imp____stdio_common_vfwprintf 00403118     ucrt:api-ms-win-crt-stdio-l1-1-0.dll
 0002:0000011c       __imp__getchar             0040311c     ucrt:api-ms-win-crt-stdio-l1-1-0.dll
 0002:00000120       __imp____acrt_iob_func     00403120     ucrt:api-ms-win-crt-stdio-l1-1-0.dll
 0002:00000124       __imp___set_fmode          00403124     ucrt:api-ms-win-crt-stdio-l1-1-0.dll
 0002:00000128       __imp____stdio_common_vfprintf 00403128     ucrt:api-ms-win-crt-stdio-l1-1-0.dll
 0002:0000012c       __imp____p__commode        0040312c     ucrt:api-ms-win-crt-stdio-l1-1-0.dll
 0002:00000130       __imp____stdio_common_vswprintf_s 00403130     ucrt:api-ms-win-crt-stdio-l1-1-0.dll
 0002:00000134       \177api-ms-win-crt-stdio-l1-1-0_NULL_THUNK_DATA 00403134     ucrt:api-ms-win-crt-stdio-l1-1-0.dll
 0002:00000138       __imp___wcsicmp            00403138     ucrt:api-ms-win-crt-string-l1-1-0.dll
 0002:0000013c       \177api-ms-win-crt-string-l1-1-0_NULL_THUNK_DATA 0040313c     ucrt:api-ms-win-crt-string-l1-1-0.dll
 0002:00000140       __imp___time64             00403140     ucrt:api-ms-win-crt-time-l1-1-0.dll
 0002:00000144       __imp___localtime64_s      00403144     ucrt:api-ms-win-crt-time-l1-1-0.dll
 0002:00000148       \177api-ms-win-crt-time-l1-1-0_NULL_THUNK_DATA 00403148     ucrt:api-ms-win-crt-time-l1-1-0.dll
 0002:0000014c       ___guard_check_icall_fptr  0040314c     MSVCRT:guard_support.obj
 0002:00000150       ___castguard_check_failure_os_handled_fptr 00403150     MSVCRT:guard_support.obj
 0002:00000154       ___xc_a                    00403154     MSVCRT:initializers.obj
 0002:0000015c       ___xc_z                    0040315c     MSVCRT:initializers.obj
 0002:00000160       ___xi_a                    00403160     MSVCRT:initializers.obj
 0002:0000016c       ___xi_z                    0040316c     MSVCRT:initializers.obj
 0002:00000170       ___xp_a                    00403170     MSVCRT:initializers.obj
 0002:00000174       ___xp_z                    00403174     MSVCRT:initializers.obj
 0002:00000178       ___xt_a                    00403178     MSVCRT:initializers.obj
 0002:0000017c       ___xt_z                    0040317c     MSVCRT:initializers.obj
 0002:000007e8       __load_config_used         004037e8     MSVCRT:loadcfg.obj
 0002:00000940       ___safe_se_handler_table   00403940     <linker-defined>
 0002:00000944       ___volatile_metadata       00403944     <linker-defined>
 0002:00000c84       ___rtc_iaa                 00403c84     MSVCRT:initsect.obj
 0002:00000c88       ___rtc_izz                 00403c88     MSVCRT:initsect.obj
 0002:00000c8c       ___rtc_taa                 00403c8c     MSVCRT:initsect.obj
 0002:00000c90       ___rtc_tzz                 00403c90     MSVCRT:initsect.obj
 0002:00000cd4       __IMPORT_DESCRIPTOR_KERNEL32 00403cd4     kernel32:KERNEL32.dll
 0002:00000ce8       __IMPORT_DESCRIPTOR_VCRUNTIME140 00403ce8     vcruntime:VCRUNTIME140.dll
 0002:00000cfc       __IMPORT_DESCRIPTOR_api-ms-win-crt-locale-l1-1-0 00403cfc     ucrt:api-ms-win-crt-locale-l1-1-0.dll
 0002:00000d10       __IMPORT_DESCRIPTOR_api-ms-win-crt-stdio-l1-1-0 00403d10     ucrt:api-ms-win-crt-stdio-l1-1-0.dll
 0002:00000d24       __IMPORT_DESCRIPTOR_api-ms-win-crt-string-l1-1-0 00403d24     ucrt:api-ms-win-crt-string-l1-1-0.dll
 0002:00000d38       __IMPORT_DESCRIPTOR_api-ms-win-crt-time-l1-1-0 00403d38     ucrt:api-ms-win-crt-time-l1-1-0.dll
 0002:00000d4c       __IMPORT_DESCRIPTOR_api-ms-win-crt-heap-l1-1-0 00403d4c     ucrt:api-ms-win-crt-heap-l1-1-0.dll
 0002:00000d60       __IMPORT_DESCRIPTOR_api-ms-win-crt-runtime-l1-1-0 00403d60     ucrt:api-ms-win-crt-runtime-l1-1-0.dll
 0002:00000d74       __IMPORT_DESCRIPTOR_api-ms-win-crt-math-l1-1-0 00403d74     ucrt:api-ms-win-crt-math-l1-1-0.dll
 0002:00000d88       __NULL_IMPORT_DESCRIPTOR   00403d88     kernel32:KERNEL32.dll
 0003:00000000       ___scrt_native_dllmain_reason 00405000     MSVCRT:utility.obj
 0003:00000004       ___scrt_default_matherr    00405004     MSVCRT:matherr.obj
 0003:00000010       ___isa_inverted            00405010     MSVCRT:cpu_disp.obj
 0003:00000018       ___isa_enabled             00405018     MSVCRT:cpu_disp.obj
 0003:00000040       ___security_cookie         00405040     MSVCRT:gs_cookie.obj
 0003:00000080       ___security_cookie_complement 00405080     MSVCRT:gs_cookie.obj
 0003:00000084       ___scrt_ucrt_dll_is_in_use 00405084     MSVCRT:ucrt_stubs.obj
 0003:00000088       ?MY_DLL@@3PB_WB            00405088     2115227_±Ë¡§¿±_defense.obj
 0003:0000008c       ?targetName@@3PB_WB        0040508c     2115227_±Ë¡§¿±_defense.obj
 0003:00000090       ___scrt_current_native_startup_state 00405090     MSVCRT:utility.obj
 0003:00000094       ___scrt_native_startup_lock 00405094     MSVCRT:utility.obj
 0003:000000b8       ?__type_info_root_node@@3U__type_info_node@@A 004050b8     MSVCRT:tncleanup.obj
 0003:000000c0       ?_OptionsStorage@?1??__local_stdio_scanf_options@@9@4_KA 004050c0     MSVCRT:default_local_stdio_options.obj
 0003:000000c8       ___scrt_debugger_hook_flag 004050c8     MSVCRT:utility_desktop.obj
 0003:000000cc       ___avx10_version           004050cc     MSVCRT:cpu_disp.obj
 0003:000000d0       ___isa_available           004050d0     MSVCRT:cpu_disp.obj
 0003:000000d4       ___favor                   004050d4     MSVCRT:cpu_disp.obj
 0003:000003f4       ?OriginalCode@@3PAEA       004053f4     2115227_±Ë¡§¿±_defense.obj
 0003:000003f8       ?TextBaseAddr@@3PAXA       004053f8     2115227_±Ë¡§¿±_defense.obj
 0003:000003fc       ?BaseAddress@@3PAXA        004053fc     2115227_±Ë¡§¿±_defense.obj
 0003:00000400       ?CodeSize@@3KA             00405400     2115227_±Ë¡§¿±_defense.obj
 0003:00000410       ?_OptionsStorage@?1??__local_stdio_printf_options@@9@4_KA 00405410     2115227_±Ë¡§¿±_defense.obj
 0003:00000418       ___dyn_tls_dtor_callback   00405418     <common>
 0003:0000041c       ___dyn_tls_init_callback   0040541c     <common>

 entry point at        0001:00000f11

 Static symbols

 0000:ffff9000       .debug$S                   00400000     ucrt:api-ms-win-crt-heap-l1-1-0.dll
 0000:ffff9000       .debug$S                   00400000     ucrt:api-ms-win-crt-heap-l1-1-0.dll
 0000:ffff9000       .debug$S                   00400000     ucrt:api-ms-win-crt-heap-l1-1-0.dll
 0000:ffff9000       .debug$S                   00400000     ucrt:api-ms-win-crt-locale-l1-1-0.dll
 0000:ffff9000       .debug$S                   00400000     ucrt:api-ms-win-crt-locale-l1-1-0.dll
 0000:ffff9000       .debug$S                   00400000     ucrt:api-ms-win-crt-math-l1-1-0.dll
 0000:ffff9000       .debug$S                   00400000     ucrt:api-ms-win-crt-runtime-l1-1-0.dll
 0000:ffff9000       .debug$S                   00400000     ucrt:api-ms-win-crt-runtime-l1-1-0.dll
 0000:ffff9000       .debug$S                   00400000     ucrt:api-ms-win-crt-runtime-l1-1-0.dll
 0000:ffff9000       .debug$S                   00400000     ucrt:api-ms-win-crt-runtime-l1-1-0.dll
 0000:ffff9000       .debug$S                   00400000     ucrt:api-ms-win-crt-runtime-l1-1-0.dll
 0000:ffff9000       .debug$S                   00400000     ucrt:api-ms-win-crt-runtime-l1-1-0.dll
 0000:ffff9000       .debug$S                   00400000     ucrt:api-ms-win-crt-runtime-l1-1-0.dll
 0000:ffff9000       .debug$S                   00400000     ucrt:api-ms-win-crt-runtime-l1-1-0.dll
 0000:ffff9000       .debug$S                   00400000     ucrt:api-ms-win-crt-runtime-l1-1-0.dll
 0000:ffff9000       .debug$S                   00400000     ucrt:api-ms-win-crt-runtime-l1-1-0.dll
 0000:ffff9000       .debug$S                   00400000     ucrt:api-ms-win-crt-runtime-l1-1-0.dll
 0000:ffff9000       .debug$S                   00400000     ucrt:api-ms-win-crt-runtime-l1-1-0.dll
 0000:ffff9000       .debug$S                   00400000     ucrt:api-ms-win-crt-runtime-l1-1-0.dll
 0000:ffff9000       .debug$S                   00400000     ucrt:api-ms-win-crt-runtime-l1-1-0.dll
 0000:ffff9000       .debug$S                   00400000     ucrt:api-ms-win-crt-runtime-l1-1-0.dll
 0000:ffff9000       .debug$S                   00400000     ucrt:api-ms-win-crt-runtime-l1-1-0.dll
 0000:ffff9000       .debug$S                   00400000     ucrt:api-ms-win-crt-runtime-l1-1-0.dll
 0000:ffff9000       .debug$S                   00400000     ucrt:api-ms-win-crt-runtime-l1-1-0.dll
 0000:ffff9000       .debug$S                   00400000     ucrt:api-ms-win-crt-runtime-l1-1-0.dll
 0000:ffff9000       .debug$S                   00400000     ucrt:api-ms-win-crt-runtime-l1-1-0.dll
 0000:ffff9000       .debug$S                   00400000     ucrt:api-ms-win-crt-runtime-l1-1-0.dll
 0000:ffff9000       .debug$S                   00400000     ucrt:api-ms-win-crt-runtime-l1-1-0.dll
 0000:ffff9000       .debug$S                   00400000     ucrt:api-ms-win-crt-stdio-l1-1-0.dll
 0000:ffff9000       .debug$S                   00400000     ucrt:api-ms-win-crt-stdio-l1-1-0.dll
 0000:ffff9000       .debug$S                   00400000     ucrt:api-ms-win-crt-stdio-l1-1-0.dll
 0000:ffff9000       .debug$S                   00400000     ucrt:api-ms-win-crt-stdio-l1-1-0.dll
 0000:ffff9000       .debug$S                   00400000     ucrt:api-ms-win-crt-stdio-l1-1-0.dll
 0000:ffff9000       .debug$S                   00400000     ucrt:api-ms-win-crt-stdio-l1-1-0.dll
 0000:ffff9000       .debug$S                   00400000     ucrt:api-ms-win-crt-stdio-l1-1-0.dll
 0000:ffff9000       .debug$S                   00400000     ucrt:api-ms-win-crt-string-l1-1-0.dll
 0000:ffff9000       .debug$S                   00400000     ucrt:api-ms-win-crt-time-l1-1-0.dll
 0000:ffff9000       .debug$S                   00400000     ucrt:api-ms-win-crt-time-l1-1-0.dll
 0000:ffff9000       .debug$S                   00400000     kernel32:KERNEL32.dll
 0000:ffff9000       .debug$S                   00400000     kernel32:KERNEL32.dll
 0000:ffff9000       .debug$S                   00400000     kernel32:KERNEL32.dll
 0000:ffff9000       .debug$S                   00400000     kernel32:KERNEL32.dll
 0000:ffff9000       .debug$S                   00400000     kernel32:KERNEL32.dll
 0000:ffff9000       .debug$S                   00400000     kernel32:KERNEL32.dll
 0000:ffff9000       .debug$S                   00400000     kernel32:KERNEL32.dll
 0000:ffff9000       .debug$S                   00400000     kernel32:KERNEL32.dll
 0000:ffff9000       .debug$S                   00400000     kernel32:KERNEL32.dll
 0000:ffff9000       .debug$S                   00400000     kernel32:KERNEL32.dll
 0000:ffff9000       .debug$S                   00400000     kernel32:KERNEL32.dll
 0000:ffff9000       .debug$S                   00400000     kernel32:KERNEL32.dll
 0000:ffff9000       .debug$S                   00400000     kernel32:KERNEL32.dll
 0000:ffff9000       .debug$S                   00400000     kernel32:KERNEL32.dll
 0000:ffff9000       .debug$S                   00400000     kernel32:KERNEL32.dll
 0000:ffff9000       .debug$S                   00400000     kernel32:KERNEL32.dll
 0000:ffff9000       .debug$S                   00400000     kernel32:KERNEL32.dll
 0000:ffff9000       .debug$S                   00400000     kernel32:KERNEL32.dll
 0000:ffff9000       .debug$S                   00400000     kernel32:KERNEL32.dll
 0000:ffff9000       .debug$S                   00400000     kernel32:KERNEL32.dll
 0000:ffff9000       .debug$S                   00400000     kernel32:KERNEL32.dll
 0000:ffff9000       .debug$S                   00400000     kernel32:KERNEL32.dll
 0000:ffff9000       .debug$S                   00400000     kernel32:KERNEL32.dll
 0000:ffff9000       .debug$S                   00400000     kernel32:KERNEL32.dll
 0000:ffff9000       .debug$S                   00400000     kernel32:KERNEL32.dll
 0000:ffff9000       .debug$S                   00400000     kernel32:KERNEL32.dll
 0000:ffff9000       .debug$S                   00400000     kernel32:KERNEL32.dll
 0000:ffff9000       .debug$S                   00400000     kernel32:KERNEL32.dll
 0000:ffff9000       .debug$S                   00400000     kernel32:KERNEL32.dll
 0000:ffff9000       .debug$S                   00400000     kernel32:KERNEL32.dll
 0000:ffff9000       .debug$S                   00400000     kernel32:KERNEL32.dll
 0000:ffff9000       .debug$S                   00400000     kernel32:KERNEL32.dll
 0000:ffff9000       .debug$S                   00400000     kernel32:KERNEL32.dll
 0000:ffff9000       .debug$S                   00400000     kernel32:KERNEL32.dll
 0000:ffff9000       .debug$S                   00400000     kernel32:KERNEL32.dll
 0000:ffff9000       .debug$S                   00400000     vcruntime:VCRUNTIME140.dll
 0000:ffff9000       .debug$S                   00400000     vcruntime:VCRUNTIME140.dll
 0000:ffff9000       .debug$S                   00400000     vcruntime:VCRUNTIME140.dll
 0000:ffff9000       .debug$S                   00400000     vcruntime:VCRUNTIME140.dll
 0000:ffff9000       .debug$S                   00400000     vcruntime:VCRUNTIME140.dll
 0000:ffff9000       .debug$S                   00400000     vcruntime:VCRUNTIME140.dll
 0001:00000160       _time                      00401160 f   2115227_±Ë¡§¿±_defense.obj
 0001:00000180       _localtime_s               00401180 f   2115227_±Ë¡§¿±_defense.obj
 0001:00000970       ?IsExecuteProtect@@YAHK@Z  00401970 f   2115227_±Ë¡§¿±_defense.obj
 0001:00000cc7       ?pre_c_initialization@@YAHXZ 00401cc7 f   MSVCRT:exe_main.obj
 0001:00000d72       ?post_pgo_initialization@@YAHXZ 00401d72 f   MSVCRT:exe_main.obj
 0001:00000d7a       ?pre_cpp_initialization@@YAXXZ 00401d7a f   MSVCRT:exe_main.obj
 0001:00000d8c       ?__scrt_common_main_seh@@YAHXZ 00401d8c f   MSVCRT:exe_main.obj
 0001:00000f1b       ?find_pe_section@@YAPAU_IMAGE_SECTION_HEADER@@QAEI@Z 00401f1b f   MSVCRT:utility.obj
 0001:0000116e       ___get_entropy             0040216e f   MSVCRT:gs_support.obj
 0001:000014b0       $$000000                   004024b0     MSVCRT:sehprolg4.obj
 0002:00000158       ?pre_cpp_initializer@@3P6AXXZA 00403158     MSVCRT:exe_main.obj
 0002:00000164       ?pre_c_initializer@@3P6AHXZA 00403164     MSVCRT:exe_main.obj
 0002:00000168       ?post_pgo_initializer@@3P6AHXZA 00403168     MSVCRT:exe_main.obj
 0002:00000180       _GS_ExceptionPointers      00403180     MSVCRT:gs_report.obj
 0002:00000188       $SG4294967291              00403188     2115227_±Ë¡§¿±_defense.obj
 0002:000001a8       $SG4294967290              004031a8     2115227_±Ë¡§¿±_defense.obj
 0002:000001c0       $SG4294967289              004031c0     2115227_±Ë¡§¿±_defense.obj
 0002:00000210       $SG4294967288              00403210     2115227_±Ë¡§¿±_defense.obj
 0002:00000250       $SG4294967287              00403250     2115227_±Ë¡§¿±_defense.obj
 0002:00000298       $SG4294967286              00403298     2115227_±Ë¡§¿±_defense.obj
 0002:000002e8       $SG4294967285              004032e8     2115227_±Ë¡§¿±_defense.obj
 0002:000002f8       $SG4294967284              004032f8     2115227_±Ë¡§¿±_defense.obj
 0002:00000308       $SG4294967283              00403308     2115227_±Ë¡§¿±_defense.obj
 0002:00000350       $SG4294967282              00403350     2115227_±Ë¡§¿±_defense.obj
 0002:000003a8       $SG4294967281              004033a8     2115227_±Ë¡§¿±_defense.obj
 0002:000003e8       $SG4294967280              004033e8     2115227_±Ë¡§¿±_defense.obj
 0002:00000448       $SG4294967279              00403448     2115227_±Ë¡§¿±_defense.obj
 0002:000004a0       $SG4294967278              004034a0     2115227_±Ë¡§¿±_defense.obj
 0002:000004e8       $SG4294967277              004034e8     2115227_±Ë¡§¿±_defense.obj
 0002:0000053c       $SG4294967276              0040353c     2115227_±Ë¡§¿±_defense.obj
 0002:00000580       $SG4294967275              00403580     2115227_±Ë¡§¿±_defense.obj
 0002:000005c8       $SG4294967274              004035c8     2115227_±Ë¡§¿±_defense.obj
 0002:00000650       $SG4294967273              00403650     2115227_±Ë¡§¿±_defense.obj
 0002:00000658       $SG4294967272              00403658     2115227_±Ë¡§¿±_defense.obj
 0002:00000698       $SG4294967271              00403698     2115227_±Ë¡§¿±_defense.obj
 0002:000006ec       $SG4294967270              004036ec     2115227_±Ë¡§¿±_defense.obj
 0002:00000718       $SG4294967269              00403718     2115227_±Ë¡§¿±_defense.obj
 0002:00000730       $SG4294967268              00403730     2115227_±Ë¡§¿±_defense.obj
 0002:00000764       $SG4294967267              00403764     2115227_±Ë¡§¿±_defense.obj
 0002:0000078c       $SG4294967266              0040378c     2115227_±Ë¡§¿±_defense.obj
 0002:000007b4       $SG4294967265              004037b4     2115227_±Ë¡§¿±_defense.obj
 0002:00000c98       __sehtable$?__scrt_common_main_seh@@YAHXZ 00403c98     MSVCRT:exe_main.obj
 0002:00000cb8       __sehtable$___scrt_is_nonwritable_in_current_image 00403cb8     MSVCRT:utility.obj
 0002:00001080       .idata$6                   00404080     kernel32:KERNEL32.dll
 0002:000010e6       .idata$6                   004040e6     vcruntime:VCRUNTIME140.dll
 0002:00001370       .idata$6                   00404370     ucrt:api-ms-win-crt-locale-l1-1-0.dll
 0002:00001392       .idata$6                   00404392     ucrt:api-ms-win-crt-stdio-l1-1-0.dll
 0002:000013b2       .idata$6                   004043b2     ucrt:api-ms-win-crt-string-l1-1-0.dll
 0002:000013d4       .idata$6                   004043d4     ucrt:api-ms-win-crt-time-l1-1-0.dll
 0002:000013f4       .idata$6                   004043f4     ucrt:api-ms-win-crt-heap-l1-1-0.dll
 0002:00001414       .idata$6                   00404414     ucrt:api-ms-win-crt-runtime-l1-1-0.dll
 0002:00001436       .idata$6                   00404436     ucrt:api-ms-win-crt-math-l1-1-0.dll
 0003:00000098       ?is_initialized_as_dll@@3_NA 00405098     MSVCRT:utility.obj
 0003:00000099       ?module_local_atexit_table_initialized@@3_NA 00405099     MSVCRT:utility.obj
 0003:0000009c       ?module_local_atexit_table@@3U_onexit_table_t@@A 0040509c     MSVCRT:utility.obj
 0003:000000a8       ?module_local_at_quick_exit_table@@3U_onexit_table_t@@A 004050a8     MSVCRT:utility.obj
 0003:000000d8       _GS_ExceptionRecord        004050d8     MSVCRT:gs_report.obj
 0003:00000128       _GS_ContextRecord          00405128     MSVCRT:gs_report.obj
 0003:00000404       ?detectInjection@?1??DetectCodeInjection32@@YAXPAX@Z@4HA 00405404     2115227_±Ë¡§¿±_defense.obj
 0003:00000408       ?isDetected@?1??detectR3@@YAXPAX@Z@4HA 00405408     2115227_±Ë¡§¿±_defense.obj
 0004:00000060       $R000000                   00406060     * linker generated manifest res *
