 DEFENSEDLL

 Timestamp is 6947bfbc (Sun Dec 21 18:37:00 2025)

 Preferred load address is 10000000

 Start         Length     Name                   Class
 0001:00000000 00001501H .text$mn                CODE
 0002:00000000 000000c0H .idata$5                DATA
 0002:000000c0 00000008H .00cfg                  DATA
 0002:000000c8 00000004H .CRT$XCA                DATA
 0002:000000cc 00000004H .CRT$XCZ                DATA
 0002:000000d0 00000004H .CRT$XIA                DATA
 0002:000000d4 00000004H .CRT$XIZ                DATA
 0002:000000d8 00000004H .CRT$XPA                DATA
 0002:000000dc 00000004H .CRT$XPZ                DATA
 0002:000000e0 00000004H .CRT$XTA                DATA
 0002:000000e4 00000004H .CRT$XTZ                DATA
 0002:000000e8 00000000H .gfids$y                DATA
 0002:000000e8 000003d8H .rdata                  DATA
 0002:000004c0 00000000H .rdata$CastGuardVftablesA DATA
 0002:000004c0 00000000H .rdata$CastGuardVftablesC DATA
 0002:000004c0 00000004H .rdata$sxdata           DATA
 0002:000004c4 0000006cH .rdata$voltmd           DATA
 0002:00000530 000002a0H .rdata$zzzdbg           DATA
 0002:000007d0 00000004H .rtc$IAA                DATA
 0002:000007d4 00000004H .rtc$IZZ                DATA
 0002:000007d8 00000004H .rtc$TAA                DATA
 0002:000007dc 00000004H .rtc$TZZ                DATA
 0002:000007e0 00000084H .xdata$x                DATA
 0002:00000864 00000000H .edata                  DATA
 0002:00000864 0000008cH .idata$2                DATA
 0002:000008f0 00000014H .idata$3                DATA
 0002:00000904 000000c0H .idata$4                DATA
 0002:000009c4 000003d8H .idata$6                DATA
 0003:00000000 00000098H .data                   DATA
 0003:00000098 000003acH .bss                    DATA
 0004:00000000 00000060H .rsrc$01                DATA
 0004:00000060 00000098H .rsrc$02                DATA

  Address         Publics by Value              Rva+Base       Lib:Object

 0000:00000000       ___AbsoluteZero            00000000     <absolute>
 0000:00000000       ___arm64x_extra_rfe_table  00000000     <absolute>
 0000:00000000       ___arm64x_extra_rfe_table_size 00000000     <absolute>
 0000:00000000       ___arm64x_native_entrypoint 00000000     <absolute>
 0000:00000000       ___arm64x_redirection_metadata 00000000     <absolute>
 0000:00000000       ___arm64x_redirection_metadata_count 00000000     <absolute>
 0000:00000000       ___dynamic_value_reloc_table 00000000     <absolute>
 0000:00000000       ___enclave_config          00000000     <absolute>
 0000:00000000       ___guard_check_icall_a64n_fptr 00000000     <absolute>
 0000:00000000       ___guard_eh_cont_count     00000000     <absolute>
 0000:00000000       ___guard_eh_cont_table     00000000     <absolute>
 0000:00000000       ___guard_fids_count        00000000     <absolute>
 0000:00000000       ___guard_fids_table        00000000     <absolute>
 0000:00000000       ___guard_iat_count         00000000     <absolute>
 0000:00000000       ___guard_iat_table         00000000     <absolute>
 0000:00000000       ___guard_longjmp_count     00000000     <absolute>
 0000:00000000       ___guard_longjmp_table     00000000     <absolute>
 0000:00000000       ___hybrid_auxiliary_delayload_iat 00000000     <absolute>
 0000:00000000       ___hybrid_auxiliary_delayload_iat_copy 00000000     <absolute>
 0000:00000000       ___hybrid_auxiliary_iat    00000000     <absolute>
 0000:00000000       ___hybrid_auxiliary_iat_copy 00000000     <absolute>
 0000:00000000       ___hybrid_code_map         00000000     <absolute>
 0000:00000000       ___hybrid_code_map_count   00000000     <absolute>
 0000:00000000       ___hybrid_image_info_bitfield 00000000     <absolute>
 0000:00000000       ___x64_code_ranges_to_entry_points 00000000     <absolute>
 0000:00000000       ___x64_code_ranges_to_entry_points_count 00000000     <absolute>
 0000:00000001       ___safe_se_handler_count   00000001     <absolute>
 0000:00000100       ___guard_flags             00000100     <absolute>
 0000:00000000       ___ImageBase               10000000     <linker-defined>
 0001:00000000       ___local_stdio_printf_options 10001000 f i 2115227_±Ë¡§¿±_defense_dll.obj
 0001:00000010       __vfwprintf_l              10001010 f i 2115227_±Ë¡§¿±_defense_dll.obj
 0001:00000040       _wprintf                   10001040 f i 2115227_±Ë¡§¿±_defense_dll.obj
 0001:000000c0       ?EnumChildProc@@YGHPAUHWND__@@J@Z 100010c0 f   2115227_±Ë¡§¿±_defense_dll.obj
 0001:00000190       ?printTimestamp@@YAXPB_W@Z 10001190 f   2115227_±Ë¡§¿±_defense_dll.obj
 0001:000001f0       ?MyMainProc@@YGJPAUHWND__@@IIJ@Z 100011f0 f   2115227_±Ë¡§¿±_defense_dll.obj
 0001:00000220       ?MyRegProc@@YGJPAUHWND__@@IIJ@Z 10001220 f   2115227_±Ë¡§¿±_defense_dll.obj
 0001:000002b0       ?MyNameProc@@YGJPAUHWND__@@IIJ@Z 100012b0 f   2115227_±Ë¡§¿±_defense_dll.obj
 0001:00000310       ?MySerialProc@@YGJPAUHWND__@@IIJ@Z 10001310 f   2115227_±Ë¡§¿±_defense_dll.obj
 0001:000003f0       ?InitDefense@@YGKPAX@Z     100013f0 f   2115227_±Ë¡§¿±_defense_dll.obj
 0001:000005a0       _DllMain@12                100015a0 f   2115227_±Ë¡§¿±_defense_dll.obj
 0001:00000a23       __DllMainCRTStartup@12     10001a23 f   MSVCRT:dll_dllmain.obj
 0001:00000a93       ___security_init_cookie    10001a93 f   MSVCRT:gs_support.obj
 0001:00000ade       ?__scrt_initialize_type_info@@YAXXZ 10001ade f   MSVCRT:tncleanup.obj
 0001:00000aea       ?__scrt_uninitialize_type_info@@YAXXZ 10001aea f   MSVCRT:tncleanup.obj
 0001:00000af6       ___local_stdio_scanf_options 10001af6 f i MSVCRT:default_local_stdio_options.obj
 0001:00000afc       ___scrt_initialize_default_local_stdio_options 10001afc f   MSVCRT:default_local_stdio_options.obj
 0001:00000b5b       ___scrt_acquire_startup_lock 10001b5b f   MSVCRT:utility.obj
 0001:00000b8d       ___scrt_dllmain_after_initialize_c 10001b8d f   MSVCRT:utility.obj
 0001:00000bb8       ___scrt_dllmain_before_initialize_c 10001bb8 f   MSVCRT:utility.obj
 0001:00000bc6       ___scrt_dllmain_crt_thread_attach 10001bc6 f   MSVCRT:utility.obj
 0001:00000be5       ___scrt_dllmain_crt_thread_detach 10001be5 f   MSVCRT:utility.obj
 0001:00000bf2       ___scrt_dllmain_exception_filter 10001bf2 f   MSVCRT:utility.obj
 0001:00000c26       ___scrt_dllmain_uninitialize_c 10001c26 f   MSVCRT:utility.obj
 0001:00000c49       ___scrt_dllmain_uninitialize_critical 10001c49 f   MSVCRT:utility.obj
 0001:00000c56       ___scrt_initialize_crt     10001c56 f   MSVCRT:utility.obj
 0001:00000c8f       ___scrt_initialize_onexit_tables 10001c8f f   MSVCRT:utility.obj
 0001:00000d16       ___scrt_is_nonwritable_in_current_image 10001d16 f   MSVCRT:utility.obj
 0001:00000dad       ___scrt_release_startup_lock 10001dad f   MSVCRT:utility.obj
 0001:00000dca       ___scrt_uninitialize_crt   10001dca f   MSVCRT:utility.obj
 0001:00000df2       ___scrt_get_dyn_tls_init_callback 10001df2 f   MSVCRT:dyn_tls_init.obj
 0001:00000df8       ___scrt_fastfail           10001df8 f   MSVCRT:utility_desktop.obj
 0001:00000f0d       __crt_debugger_hook        10001f0d f   MSVCRT:utility_desktop.obj
 0001:00000f18       __RTC_Initialize           10001f18 f   MSVCRT:initsect.obj
 0001:00000f44       __RTC_Terminate            10001f44 f   MSVCRT:initsect.obj
 0001:00000f70       __SEH_prolog4              10001f70 f   MSVCRT:sehprolg4.obj
 0001:00000fb5       __except_handler4          10001fb5 f   MSVCRT:chandler4gs.obj
 0001:00000fe4       @_guard_check_icall_nop@4  10001fe4 f i MSVCRT:guard_support.obj
 0001:00000fe7       ___isa_available_init      10001fe7 f   MSVCRT:cpu_disp.obj
 0001:00001301       __get_startup_argv_mode    10002301 f   MSVCRT:argv_mode.obj
 0001:00001305       ___scrt_is_ucrt_dll_in_use 10002305 f   MSVCRT:ucrt_detection.obj
 0001:00001311       @__security_check_cookie@4 10002311 f   MSVCRT:secchk.obj
 0001:0000131f       ___raise_securityfailure   1000231f f   MSVCRT:gs_report.obj
 0001:00001347       ___report_gsfailure        10002347 f   MSVCRT:gs_report.obj
 0001:00001442       ___std_type_info_destroy_list 10002442 f   vcruntime:VCRUNTIME140.dll
 0001:00001448       _memset                    10002448 f   vcruntime:VCRUNTIME140.dll
 0001:0000144e       __except_handler4_common   1000244e f   vcruntime:VCRUNTIME140.dll
 0001:00001454       __initterm                 10002454 f   ucrt:api-ms-win-crt-runtime-l1-1-0.dll
 0001:0000145a       __initterm_e               1000245a f   ucrt:api-ms-win-crt-runtime-l1-1-0.dll
 0001:00001460       __seh_filter_dll           10002460 f   ucrt:api-ms-win-crt-runtime-l1-1-0.dll
 0001:00001466       __configure_narrow_argv    10002466 f   ucrt:api-ms-win-crt-runtime-l1-1-0.dll
 0001:0000146c       __initialize_narrow_environment 1000246c f   ucrt:api-ms-win-crt-runtime-l1-1-0.dll
 0001:00001472       __initialize_onexit_table  10002472 f   ucrt:api-ms-win-crt-runtime-l1-1-0.dll
 0001:00001478       __execute_onexit_table     10002478 f   ucrt:api-ms-win-crt-runtime-l1-1-0.dll
 0001:0000147e       __cexit                    1000247e f   ucrt:api-ms-win-crt-runtime-l1-1-0.dll
 0001:00001484       ___acrt_initialize         10002484 f   MSVCRT:ucrt_stubs.obj
 0001:00001484       ___acrt_thread_attach      10002484 f   MSVCRT:ucrt_stubs.obj
 0001:00001484       ___acrt_thread_detach      10002484 f   MSVCRT:ucrt_stubs.obj
 0001:00001484       ___acrt_uninitialize       10002484 f   MSVCRT:ucrt_stubs.obj
 0001:00001484       ___acrt_uninitialize_critical 10002484 f   MSVCRT:ucrt_stubs.obj
 0001:00001484       ___scrt_stub_for_acrt_initialize 10002484 f   MSVCRT:ucrt_stubs.obj
 0001:00001484       ___scrt_stub_for_acrt_thread_attach 10002484 f   MSVCRT:ucrt_stubs.obj
 0001:00001484       ___scrt_stub_for_acrt_thread_detach 10002484 f   MSVCRT:ucrt_stubs.obj
 0001:00001484       ___scrt_stub_for_acrt_uninitialize 10002484 f   MSVCRT:ucrt_stubs.obj
 0001:00001484       ___scrt_stub_for_acrt_uninitialize_critical 10002484 f   MSVCRT:ucrt_stubs.obj
 0001:00001484       ___vcrt_initialize         10002484 f   MSVCRT:ucrt_stubs.obj
 0001:00001484       ___vcrt_thread_attach      10002484 f   MSVCRT:ucrt_stubs.obj
 0001:00001484       ___vcrt_thread_detach      10002484 f   MSVCRT:ucrt_stubs.obj
 0001:00001484       ___vcrt_uninitialize       10002484 f   MSVCRT:ucrt_stubs.obj
 0001:00001484       ___vcrt_uninitialize_critical 10002484 f   MSVCRT:ucrt_stubs.obj
 0001:00001487       ___scrt_stub_for_is_c_termination_complete 10002487 f   MSVCRT:ucrt_stubs.obj
 0001:00001487       __is_c_termination_complete 10002487 f   MSVCRT:ucrt_stubs.obj
 0001:0000148a       __filter_x86_sse2_floating_point_exception 1000248a f   MSVCRT:x86_exception_filter.obj
 0001:0000148a       __filter_x86_sse2_floating_point_exception_default 1000248a f   MSVCRT:x86_exception_filter.obj
 0002:00000000       __imp__GetTickCount@0      10003000     kernel32:KERNEL32.dll
 0002:00000004       __imp__Sleep@4             10003004     kernel32:KERNEL32.dll
 0002:00000008       __imp__DisableThreadLibraryCalls@4 10003008     kernel32:KERNEL32.dll
 0002:0000000c       __imp__AllocConsole@0      1000300c     kernel32:KERNEL32.dll
 0002:00000010       __imp__CreateThread@24     10003010     kernel32:KERNEL32.dll
 0002:00000014       __imp__GetCurrentProcess@0 10003014     kernel32:KERNEL32.dll
 0002:00000018       __imp__IsProcessorFeaturePresent@4 10003018     kernel32:KERNEL32.dll
 0002:0000001c       __imp__SetUnhandledExceptionFilter@4 1000301c     kernel32:KERNEL32.dll
 0002:00000020       __imp__UnhandledExceptionFilter@4 10003020     kernel32:KERNEL32.dll
 0002:00000024       __imp__IsDebuggerPresent@0 10003024     kernel32:KERNEL32.dll
 0002:00000028       __imp__InitializeSListHead@4 10003028     kernel32:KERNEL32.dll
 0002:0000002c       __imp__GetSystemTimeAsFileTime@4 1000302c     kernel32:KERNEL32.dll
 0002:00000030       __imp__GetCurrentThreadId@0 10003030     kernel32:KERNEL32.dll
 0002:00000034       __imp__GetCurrentProcessId@0 10003034     kernel32:KERNEL32.dll
 0002:00000038       __imp__QueryPerformanceCounter@4 10003038     kernel32:KERNEL32.dll
 0002:0000003c       __imp__TerminateProcess@8  1000303c     kernel32:KERNEL32.dll
 0002:00000040       \177KERNEL32_NULL_THUNK_DATA 10003040     kernel32:KERNEL32.dll
 0002:00000044       __imp__EnumChildWindows@12 10003044     user32:USER32.dll
 0002:00000048       __imp__IsWindow@4          10003048     user32:USER32.dll
 0002:0000004c       __imp__GetFocus@0          1000304c     user32:USER32.dll
 0002:00000050       __imp__GetClassNameW@12    10003050     user32:USER32.dll
 0002:00000054       __imp__GetWindowTextW@12   10003054     user32:USER32.dll
 0002:00000058       __imp__CallWindowProcW@20  10003058     user32:USER32.dll
 0002:0000005c       __imp__SetWindowLongW@12   1000305c     user32:USER32.dll
 0002:00000060       __imp__FindWindowW@8       10003060     user32:USER32.dll
 0002:00000064       \177USER32_NULL_THUNK_DATA 10003064     user32:USER32.dll
 0002:00000068       __imp___except_handler4_common 10003068     vcruntime:VCRUNTIME140.dll
 0002:0000006c       __imp____std_type_info_destroy_list 1000306c     vcruntime:VCRUNTIME140.dll
 0002:00000070       __imp__memset              10003070     vcruntime:VCRUNTIME140.dll
 0002:00000074       \177VCRUNTIME140_NULL_THUNK_DATA 10003074     vcruntime:VCRUNTIME140.dll
 0002:00000078       __imp___execute_onexit_table 10003078     ucrt:api-ms-win-crt-runtime-l1-1-0.dll
 0002:0000007c       __imp___cexit              1000307c     ucrt:api-ms-win-crt-runtime-l1-1-0.dll
 0002:00000080       __imp___initialize_onexit_table 10003080     ucrt:api-ms-win-crt-runtime-l1-1-0.dll
 0002:00000084       __imp___configure_narrow_argv 10003084     ucrt:api-ms-win-crt-runtime-l1-1-0.dll
 0002:00000088       __imp___seh_filter_dll     10003088     ucrt:api-ms-win-crt-runtime-l1-1-0.dll
 0002:0000008c       __imp___initterm           1000308c     ucrt:api-ms-win-crt-runtime-l1-1-0.dll
 0002:00000090       __imp___initialize_narrow_environment 10003090     ucrt:api-ms-win-crt-runtime-l1-1-0.dll
 0002:00000094       __imp___initterm_e         10003094     ucrt:api-ms-win-crt-runtime-l1-1-0.dll
 0002:00000098       \177api-ms-win-crt-runtime-l1-1-0_NULL_THUNK_DATA 10003098     ucrt:api-ms-win-crt-runtime-l1-1-0.dll
 0002:0000009c       __imp____acrt_iob_func     1000309c     ucrt:api-ms-win-crt-stdio-l1-1-0.dll
 0002:000000a0       __imp__freopen_s           100030a0     ucrt:api-ms-win-crt-stdio-l1-1-0.dll
 0002:000000a4       __imp____stdio_common_vfwprintf 100030a4     ucrt:api-ms-win-crt-stdio-l1-1-0.dll
 0002:000000a8       \177api-ms-win-crt-stdio-l1-1-0_NULL_THUNK_DATA 100030a8     ucrt:api-ms-win-crt-stdio-l1-1-0.dll
 0002:000000ac       __imp___wcsicmp            100030ac     ucrt:api-ms-win-crt-string-l1-1-0.dll
 0002:000000b0       \177api-ms-win-crt-string-l1-1-0_NULL_THUNK_DATA 100030b0     ucrt:api-ms-win-crt-string-l1-1-0.dll
 0002:000000b4       __imp___time64             100030b4     ucrt:api-ms-win-crt-time-l1-1-0.dll
 0002:000000b8       __imp___localtime64_s      100030b8     ucrt:api-ms-win-crt-time-l1-1-0.dll
 0002:000000bc       \177api-ms-win-crt-time-l1-1-0_NULL_THUNK_DATA 100030bc     ucrt:api-ms-win-crt-time-l1-1-0.dll
 0002:000000c0       ___guard_check_icall_fptr  100030c0     MSVCRT:guard_support.obj
 0002:000000c4       ___castguard_check_failure_os_handled_fptr 100030c4     MSVCRT:guard_support.obj
 0002:000000c8       ___xc_a                    100030c8     MSVCRT:initializers.obj
 0002:000000cc       ___xc_z                    100030cc     MSVCRT:initializers.obj
 0002:000000d0       ___xi_a                    100030d0     MSVCRT:initializers.obj
 0002:000000d4       ___xi_z                    100030d4     MSVCRT:initializers.obj
 0002:000000d8       ___xp_a                    100030d8     MSVCRT:initializers.obj
 0002:000000dc       ___xp_z                    100030dc     MSVCRT:initializers.obj
 0002:000000e0       ___xt_a                    100030e0     MSVCRT:initializers.obj
 0002:000000e4       ___xt_z                    100030e4     MSVCRT:initializers.obj
 0002:000000e8       __pDefaultRawDllMain       100030e8     MSVCRT:dll_dllmain.obj
 0002:000000e8       __pRawDllMain              100030e8     MSVCRT:dll_dllmain.obj
 0002:00000358       __load_config_used         10003358     MSVCRT:loadcfg.obj
 0002:000004c0       ___safe_se_handler_table   100034c0     <linker-defined>
 0002:000004c4       ___volatile_metadata       100034c4     <linker-defined>
 0002:000007d0       ___rtc_iaa                 100037d0     MSVCRT:initsect.obj
 0002:000007d4       ___rtc_izz                 100037d4     MSVCRT:initsect.obj
 0002:000007d8       ___rtc_taa                 100037d8     MSVCRT:initsect.obj
 0002:000007dc       ___rtc_tzz                 100037dc     MSVCRT:initsect.obj
 0002:00000864       __IMPORT_DESCRIPTOR_KERNEL32 10003864     kernel32:KERNEL32.dll
 0002:00000878       __IMPORT_DESCRIPTOR_USER32 10003878     user32:USER32.dll
 0002:0000088c       __IMPORT_DESCRIPTOR_VCRUNTIME140 1000388c     vcruntime:VCRUNTIME140.dll
 0002:000008a0       __IMPORT_DESCRIPTOR_api-ms-win-crt-stdio-l1-1-0 100038a0     ucrt:api-ms-win-crt-stdio-l1-1-0.dll
 0002:000008b4       __IMPORT_DESCRIPTOR_api-ms-win-crt-time-l1-1-0 100038b4     ucrt:api-ms-win-crt-time-l1-1-0.dll
 0002:000008c8       __IMPORT_DESCRIPTOR_api-ms-win-crt-string-l1-1-0 100038c8     ucrt:api-ms-win-crt-string-l1-1-0.dll
 0002:000008dc       __IMPORT_DESCRIPTOR_api-ms-win-crt-runtime-l1-1-0 100038dc     ucrt:api-ms-win-crt-runtime-l1-1-0.dll
 0002:000008f0       __NULL_IMPORT_DESCRIPTOR   100038f0     kernel32:KERNEL32.dll
 0003:00000000       ___scrt_native_dllmain_reason 10004000     MSVCRT:utility.obj
 0003:00000040       ___security_cookie         10004040     MSVCRT:gs_cookie.obj
 0003:00000080       ___security_cookie_complement 10004080     MSVCRT:gs_cookie.obj
 0003:00000088       ___isa_inverted            10004088     MSVCRT:cpu_disp.obj
 0003:00000090       ___isa_enabled             10004090     MSVCRT:cpu_disp.obj
 0003:00000094       ___scrt_ucrt_dll_is_in_use 10004094     MSVCRT:ucrt_stubs.obj
 0003:000000a0       ?__type_info_root_node@@3U__type_info_node@@A 100040a0     MSVCRT:tncleanup.obj
 0003:000000a8       ?_OptionsStorage@?1??__local_stdio_scanf_options@@9@4_KA 100040a8     MSVCRT:default_local_stdio_options.obj
 0003:000000b0       ___scrt_current_native_startup_state 100040b0     MSVCRT:utility.obj
 0003:000000b4       ___scrt_native_startup_lock 100040b4     MSVCRT:utility.obj
 0003:000000d4       ___scrt_debugger_hook_flag 100040d4     MSVCRT:utility_desktop.obj
 0003:000000d8       ___avx10_version           100040d8     MSVCRT:cpu_disp.obj
 0003:000000dc       ___isa_available           100040dc     MSVCRT:cpu_disp.obj
 0003:000000e0       ___favor                   100040e0     MSVCRT:cpu_disp.obj
 0003:00000404       ?nEditFound@@3HA           10004404     2115227_±Ë¡§¿±_defense_dll.obj
 0003:00000408       ?dwLastNameReadTime@@3KA   10004408     2115227_±Ë¡§¿±_defense_dll.obj
 0003:0000040c       ?dwLastNameChangeTime@@3KA 1000440c     2115227_±Ë¡§¿±_defense_dll.obj
 0003:00000410       ?OldSerialProc@@3P6GJPAUHWND__@@IIJ@ZA 10004410     2115227_±Ë¡§¿±_defense_dll.obj
 0003:00000414       ?OldNameProc@@3P6GJPAUHWND__@@IIJ@ZA 10004414     2115227_±Ë¡§¿±_defense_dll.obj
 0003:00000418       ?OldRegProc@@3P6GJPAUHWND__@@IIJ@ZA 10004418     2115227_±Ë¡§¿±_defense_dll.obj
 0003:0000041c       ?OldMainProc@@3P6GJPAUHWND__@@IIJ@ZA 1000441c     2115227_±Ë¡§¿±_defense_dll.obj
 0003:00000420       ?hOKButton@@3PAUHWND__@@A  10004420     2115227_±Ë¡§¿±_defense_dll.obj
 0003:00000424       ?hSerialEdit@@3PAUHWND__@@A 10004424     2115227_±Ë¡§¿±_defense_dll.obj
 0003:00000428       ?hNameEdit@@3PAUHWND__@@A  10004428     2115227_±Ë¡§¿±_defense_dll.obj
 0003:0000042c       ?hRegWnd@@3PAUHWND__@@A    1000442c     2115227_±Ë¡§¿±_defense_dll.obj
 0003:00000430       ?hMainWnd@@3PAUHWND__@@A   10004430     2115227_±Ë¡§¿±_defense_dll.obj
 0003:00000434       ___@@_PchSym_@00@UfhvihUKlpKoqKrzKlnKpzKquKlnKqnKpvUhlfixvUivklhUwvuvmhvwooUwvuvmhvwooUivovzhvUkxsOlyq@4B2008FD98C1DD4 10004434     pch.obj
 0003:00000438       ?_OptionsStorage@?1??__local_stdio_printf_options@@9@4_KA 10004438     2115227_±Ë¡§¿±_defense_dll.obj
 0003:00000440       ___dyn_tls_init_callback   10004440     <common>

 entry point at        0001:00000a23

 Static symbols

 0000:ffff9000       .debug$S                   10000000     ucrt:api-ms-win-crt-runtime-l1-1-0.dll
 0000:ffff9000       .debug$S                   10000000     ucrt:api-ms-win-crt-runtime-l1-1-0.dll
 0000:ffff9000       .debug$S                   10000000     ucrt:api-ms-win-crt-runtime-l1-1-0.dll
 0000:ffff9000       .debug$S                   10000000     ucrt:api-ms-win-crt-runtime-l1-1-0.dll
 0000:ffff9000       .debug$S                   10000000     ucrt:api-ms-win-crt-runtime-l1-1-0.dll
 0000:ffff9000       .debug$S                   10000000     ucrt:api-ms-win-crt-runtime-l1-1-0.dll
 0000:ffff9000       .debug$S                   10000000     ucrt:api-ms-win-crt-runtime-l1-1-0.dll
 0000:ffff9000       .debug$S                   10000000     ucrt:api-ms-win-crt-runtime-l1-1-0.dll
 0000:ffff9000       .debug$S                   10000000     ucrt:api-ms-win-crt-runtime-l1-1-0.dll
 0000:ffff9000       .debug$S                   10000000     ucrt:api-ms-win-crt-runtime-l1-1-0.dll
 0000:ffff9000       .debug$S                   10000000     ucrt:api-ms-win-crt-runtime-l1-1-0.dll
 0000:ffff9000       .debug$S                   10000000     ucrt:api-ms-win-crt-runtime-l1-1-0.dll
 0000:ffff9000       .debug$S                   10000000     ucrt:api-ms-win-crt-stdio-l1-1-0.dll
 0000:ffff9000       .debug$S                   10000000     ucrt:api-ms-win-crt-stdio-l1-1-0.dll
 0000:ffff9000       .debug$S                   10000000     ucrt:api-ms-win-crt-stdio-l1-1-0.dll
 0000:ffff9000       .debug$S                   10000000     ucrt:api-ms-win-crt-string-l1-1-0.dll
 0000:ffff9000       .debug$S                   10000000     ucrt:api-ms-win-crt-time-l1-1-0.dll
 0000:ffff9000       .debug$S                   10000000     ucrt:api-ms-win-crt-time-l1-1-0.dll
 0000:ffff9000       .debug$S                   10000000     kernel32:KERNEL32.dll
 0000:ffff9000       .debug$S                   10000000     kernel32:KERNEL32.dll
 0000:ffff9000       .debug$S                   10000000     kernel32:KERNEL32.dll
 0000:ffff9000       .debug$S                   10000000     kernel32:KERNEL32.dll
 0000:ffff9000       .debug$S                   10000000     kernel32:KERNEL32.dll
 0000:ffff9000       .debug$S                   10000000     kernel32:KERNEL32.dll
 0000:ffff9000       .debug$S                   10000000     kernel32:KERNEL32.dll
 0000:ffff9000       .debug$S                   10000000     kernel32:KERNEL32.dll
 0000:ffff9000       .debug$S                   10000000     kernel32:KERNEL32.dll
 0000:ffff9000       .debug$S                   10000000     kernel32:KERNEL32.dll
 0000:ffff9000       .debug$S                   10000000     kernel32:KERNEL32.dll
 0000:ffff9000       .debug$S                   10000000     kernel32:KERNEL32.dll
 0000:ffff9000       .debug$S                   10000000     kernel32:KERNEL32.dll
 0000:ffff9000       .debug$S                   10000000     kernel32:KERNEL32.dll
 0000:ffff9000       .debug$S                   10000000     kernel32:KERNEL32.dll
 0000:ffff9000       .debug$S                   10000000     kernel32:KERNEL32.dll
 0000:ffff9000       .debug$S                   10000000     kernel32:KERNEL32.dll
 0000:ffff9000       .debug$S                   10000000     kernel32:KERNEL32.dll
 0000:ffff9000       .debug$S                   10000000     user32:USER32.dll
 0000:ffff9000       .debug$S                   10000000     user32:USER32.dll
 0000:ffff9000       .debug$S                   10000000     user32:USER32.dll
 0000:ffff9000       .debug$S                   10000000     user32:USER32.dll
 0000:ffff9000       .debug$S                   10000000     user32:USER32.dll
 0000:ffff9000       .debug$S                   10000000     user32:USER32.dll
 0000:ffff9000       .debug$S                   10000000     user32:USER32.dll
 0000:ffff9000       .debug$S                   10000000     user32:USER32.dll
 0000:ffff9000       .debug$S                   10000000     vcruntime:VCRUNTIME140.dll
 0000:ffff9000       .debug$S                   10000000     vcruntime:VCRUNTIME140.dll
 0000:ffff9000       .debug$S                   10000000     vcruntime:VCRUNTIME140.dll
 0000:ffff9000       .debug$S                   10000000     vcruntime:VCRUNTIME140.dll
 0000:ffff9000       .debug$S                   10000000     vcruntime:VCRUNTIME140.dll
 0001:00000080       _time                      10001080 f   2115227_±Ë¡§¿±_defense_dll.obj
 0001:000000a0       _localtime_s               100010a0 f   2115227_±Ë¡§¿±_defense_dll.obj
 0001:000006d6       ?dllmain_crt_dispatch@@YGHQAUHINSTANCE__@@KQAX@Z 100016d6 f   MSVCRT:dll_dllmain.obj
 0001:00000729       ?dllmain_crt_process_attach@@YAHQAUHINSTANCE__@@QAX@Z 10001729 f   MSVCRT:dll_dllmain.obj
 0001:00000833       ?dllmain_crt_process_detach@@YAH_N@Z 10001833 f   MSVCRT:dll_dllmain.obj
 0001:000008ea       ?dllmain_dispatch@@YAHQAUHINSTANCE__@@KQAX@Z 100018ea f   MSVCRT:dll_dllmain.obj
 0001:000009f8       ?dllmain_raw@@YGHQAUHINSTANCE__@@KQAX@Z 100019f8 f   MSVCRT:dll_dllmain.obj
 0001:00000a46       ___get_entropy             10001a46 f   MSVCRT:gs_support.obj
 0001:00000b19       ?find_pe_section@@YAPAU_IMAGE_SECTION_HEADER@@QAEI@Z 10001b19 f   MSVCRT:utility.obj
 0001:00000f70       $$000000                   10001f70     MSVCRT:sehprolg4.obj
 0002:000000ec       _GS_ExceptionPointers      100030ec     MSVCRT:gs_report.obj
 0002:000000f8       $SG4294967291              100030f8     2115227_±Ë¡§¿±_defense_dll.obj
 0002:00000104       $SG4294967290              10003104     2115227_±Ë¡§¿±_defense_dll.obj
 0002:00000114       $SG4294967289              10003114     2115227_±Ë¡§¿±_defense_dll.obj
 0002:00000120       $SG4294967288              10003120     2115227_±Ë¡§¿±_defense_dll.obj
 0002:00000170       $SG4294967287              10003170     2115227_±Ë¡§¿±_defense_dll.obj
 0002:00000188       $SG4294967286              10003188     2115227_±Ë¡§¿±_defense_dll.obj
 0002:000001d8       $SG4294967285              100031d8     2115227_±Ë¡§¿±_defense_dll.obj
 0002:00000240       $SG4294967284              10003240     2115227_±Ë¡§¿±_defense_dll.obj
 0002:00000260       $SG4294967283              10003260     2115227_±Ë¡§¿±_defense_dll.obj
 0002:000002b4       $SG4294967282              100032b4     2115227_±Ë¡§¿±_defense_dll.obj
 0002:000002c8       $SG4294967281              100032c8     2115227_±Ë¡§¿±_defense_dll.obj
 0002:00000310       $SG4294967280              10003310     2115227_±Ë¡§¿±_defense_dll.obj
 0002:0000034c       $SG4294967279              1000334c     2115227_±Ë¡§¿±_defense_dll.obj
 0002:00000350       $SG4294967278              10003350     2115227_±Ë¡§¿±_defense_dll.obj
 0002:000007e0       __sehtable$?dllmain_crt_process_attach@@YAHQAUHINSTANCE__@@QAX@Z 100037e0     MSVCRT:dll_dllmain.obj
 0002:00000800       __sehtable$?dllmain_crt_process_detach@@YAH_N@Z 10003800     MSVCRT:dll_dllmain.obj
 0002:00000828       __sehtable$?dllmain_dispatch@@YAHQAUHINSTANCE__@@KQAX@Z 10003828     MSVCRT:dll_dllmain.obj
 0002:00000848       __sehtable$___scrt_is_nonwritable_in_current_image 10003848     MSVCRT:utility.obj
 0002:00000a18       .idata$6                   10003a18     kernel32:KERNEL32.dll
 0002:00000aa6       .idata$6                   10003aa6     user32:USER32.dll
 0002:00000af6       .idata$6                   10003af6     vcruntime:VCRUNTIME140.dll
 0002:00000c10       .idata$6                   10003c10     ucrt:api-ms-win-crt-stdio-l1-1-0.dll
 0002:00000c30       .idata$6                   10003c30     ucrt:api-ms-win-crt-time-l1-1-0.dll
 0002:00000c50       .idata$6                   10003c50     ucrt:api-ms-win-crt-string-l1-1-0.dll
 0002:00000c72       .idata$6                   10003c72     ucrt:api-ms-win-crt-runtime-l1-1-0.dll
 0003:00000098       ?__proc_attached@@3HA      10004098     MSVCRT:dll_dllmain.obj
 0003:000000b8       ?is_initialized_as_dll@@3_NA 100040b8     MSVCRT:utility.obj
 0003:000000b9       ?module_local_atexit_table_initialized@@3_NA 100040b9     MSVCRT:utility.obj
 0003:000000bc       ?module_local_atexit_table@@3U_onexit_table_t@@A 100040bc     MSVCRT:utility.obj
 0003:000000c8       ?module_local_at_quick_exit_table@@3U_onexit_table_t@@A 100040c8     MSVCRT:utility.obj
 0003:000000e8       _GS_ExceptionRecord        100040e8     MSVCRT:gs_report.obj
 0003:00000138       _GS_ContextRecord          10004138     MSVCRT:gs_report.obj
 0004:00000060       $R000000                   10005060     * linker generated manifest res *
