 ATTACKDLL

 Timestamp is 693966cd (Wed Dec 10 21:25:49 2025)

 Preferred load address is 10000000

 Start         Length     Name                   Class
 0001:00000000 000019c1H .text$mn                CODE
 0002:00000000 000000f8H .idata$5                DATA
 0002:000000f8 00000008H .00cfg                  DATA
 0002:00000100 00000004H .CRT$XCA                DATA
 0002:00000104 00000004H .CRT$XCZ                DATA
 0002:00000108 00000004H .CRT$XIA                DATA
 0002:0000010c 00000004H .CRT$XIZ                DATA
 0002:00000110 00000004H .CRT$XPA                DATA
 0002:00000114 00000004H .CRT$XPZ                DATA
 0002:00000118 00000004H .CRT$XTA                DATA
 0002:0000011c 00000004H .CRT$XTZ                DATA
 0002:00000120 00000000H .gfids$y                DATA
 0002:00000120 00000360H .rdata                  DATA
 0002:00000480 00000000H .rdata$CastGuardVftablesA DATA
 0002:00000480 00000000H .rdata$CastGuardVftablesC DATA
 0002:00000480 00000004H .rdata$sxdata           DATA
 0002:00000484 0000006cH .rdata$voltmd           DATA
 0002:000004f0 0000029cH .rdata$zzzdbg           DATA
 0002:0000078c 00000004H .rtc$IAA                DATA
 0002:00000790 00000004H .rtc$IZZ                DATA
 0002:00000794 00000004H .rtc$TAA                DATA
 0002:00000798 00000008H .rtc$TZZ                DATA
 0002:000007a0 00000084H .xdata$x                DATA
 0002:00000824 00000000H .edata                  DATA
 0002:00000824 000000a0H .idata$2                DATA
 0002:000008c4 00000014H .idata$3                DATA
 0002:000008d8 000000f8H .idata$4                DATA
 0002:000009d0 000004e6H .idata$6                DATA
 0003:00000000 000000a0H .data                   DATA
 0003:000000a0 00001394H .bss                    DATA
 0004:00000000 00000060H .rsrc$01                DATA
 0004:00000060 00000098H .rsrc$02                DATA

  Address         Publics by Value              Rva+Base       Lib:Object

 0000:00000000       ___AbsoluteZero            00000000     <absolute>
 0000:00000000       ___arm64x_extra_rfe_table  00000000     <absolute>
 0000:00000000       ___arm64x_extra_rfe_table_size 00000000     <absolute>
 0000:00000000       ___arm64x_native_entrypoint 00000000     <absolute>
 0000:00000000       ___arm64x_redirection_metadata 00000000     <absolute>
 0000:00000000       ___arm64x_redirection_metadata_count 00000000     <absolute>
 0000:00000000       ___dynamic_value_reloc_table 00000000     <absolute>
 0000:00000000       ___enclave_config          00000000     <absolute>
 0000:00000000       ___guard_check_icall_a64n_fptr 00000000     <absolute>
 0000:00000000       ___guard_eh_cont_count     00000000     <absolute>
 0000:00000000       ___guard_eh_cont_table     00000000     <absolute>
 0000:00000000       ___guard_fids_count        00000000     <absolute>
 0000:00000000       ___guard_fids_table        00000000     <absolute>
 0000:00000000       ___guard_iat_count         00000000     <absolute>
 0000:00000000       ___guard_iat_table         00000000     <absolute>
 0000:00000000       ___guard_longjmp_count     00000000     <absolute>
 0000:00000000       ___guard_longjmp_table     00000000     <absolute>
 0000:00000000       ___hybrid_auxiliary_delayload_iat 00000000     <absolute>
 0000:00000000       ___hybrid_auxiliary_delayload_iat_copy 00000000     <absolute>
 0000:00000000       ___hybrid_auxiliary_iat    00000000     <absolute>
 0000:00000000       ___hybrid_auxiliary_iat_copy 00000000     <absolute>
 0000:00000000       ___hybrid_code_map         00000000     <absolute>
 0000:00000000       ___hybrid_code_map_count   00000000     <absolute>
 0000:00000000       ___hybrid_image_info_bitfield 00000000     <absolute>
 0000:00000000       ___x64_code_ranges_to_entry_points 00000000     <absolute>
 0000:00000000       ___x64_code_ranges_to_entry_points_count 00000000     <absolute>
 0000:00000001       ___safe_se_handler_count   00000001     <absolute>
 0000:00000100       ___guard_flags             00000100     <absolute>
 0000:00000000       ___ImageBase               10000000     <linker-defined>
 0001:00000000       ___local_stdio_printf_options 10001000 f i 2115227_±Ë¡§¿±_attack_dll.obj
 0001:00000010       __vfprintf_l               10001010 f i 2115227_±Ë¡§¿±_attack_dll.obj
 0001:00000040       _printf                    10001040 f i 2115227_±Ë¡§¿±_attack_dll.obj
 0001:00000080       __vsprintf_s_l             10001080 f i 2115227_±Ë¡§¿±_attack_dll.obj
 0001:000000d0       _vsprintf_s                100010d0 f i 2115227_±Ë¡§¿±_attack_dll.obj
 0001:000000f0       ?hideDLL@@YAXPAUHINSTANCE__@@@Z 100010f0 f   2115227_±Ë¡§¿±_attack_dll.obj
 0001:000001a0       ?openConsole@@YAXXZ        100011a0 f   2115227_±Ë¡§¿±_attack_dll.obj
 0001:00000200       ?SaveText@@YAXPBD@Z        10001200 f   2115227_±Ë¡§¿±_attack_dll.obj
 0001:000002f0       ?FakeGetDlgItemTextA@@YGIPAUHWND__@@HPADH@Z 100012f0 f   2115227_±Ë¡§¿±_attack_dll.obj
 0001:00000350       ?PatchIAT@@YAXPAKK@Z       10001350 f   2115227_±Ë¡§¿±_attack_dll.obj
 0001:000003a0       ?FindTargetVA@@YAPAXPBD0@Z 100013a0 f   2115227_±Ë¡§¿±_attack_dll.obj
 0001:00000540       ?apiHook@@YAHXZ            10001540 f   2115227_±Ë¡§¿±_attack_dll.obj
 0001:00000580       ?GenerateSerial@@YAXPAUHWND__@@@Z 10001580 f   2115227_±Ë¡§¿±_attack_dll.obj
 0001:00000770       ?FindSerialID@@YGHPAUHWND__@@J@Z 10001770 f   2115227_±Ë¡§¿±_attack_dll.obj
 0001:000007f0       ?MsgProc@@YGJHIJ@Z         100017f0 f   2115227_±Ë¡§¿±_attack_dll.obj
 0001:000009a0       ?HookStart@@YAXK@Z         100019a0 f   2115227_±Ë¡§¿±_attack_dll.obj
 0001:00000a00       ?HookStop@@YAXXZ           10001a00 f   2115227_±Ë¡§¿±_attack_dll.obj
 0001:00000a30       ?HookThread@@YGKPAX@Z      10001a30 f   2115227_±Ë¡§¿±_attack_dll.obj
 0001:00000aa0       _DllMain@12                10001aa0 f   2115227_±Ë¡§¿±_attack_dll.obj
 0001:00000b10       ??$sprintf_s@$0CAA@@@YAHAAY0CAA@DPBDZZ 10001b10 f i 2115227_±Ë¡§¿±_attack_dll.obj
 0001:00000b40       ??$sprintf_s@$0BAAA@@@YAHAAY0BAAA@DPBDZZ 10001b40 f i 2115227_±Ë¡§¿±_attack_dll.obj
 0001:00000b70       ??$sprintf_s@$0GE@@@YAHAAY0GE@DPBDZZ 10001b70 f i 2115227_±Ë¡§¿±_attack_dll.obj
 0001:00000ee1       __DllMainCRTStartup@12     10001ee1 f   MSVCRT:dll_dllmain.obj
 0001:00000f51       ___security_init_cookie    10001f51 f   MSVCRT:gs_support.obj
 0001:00000f9c       ?__scrt_initialize_type_info@@YAXXZ 10001f9c f   MSVCRT:tncleanup.obj
 0001:00000fa8       ?__scrt_uninitialize_type_info@@YAXXZ 10001fa8 f   MSVCRT:tncleanup.obj
 0001:00000fb4       ___local_stdio_scanf_options 10001fb4 f i MSVCRT:default_local_stdio_options.obj
 0001:00000fba       ___scrt_initialize_default_local_stdio_options 10001fba f   MSVCRT:default_local_stdio_options.obj
 0001:00001019       ___scrt_acquire_startup_lock 10002019 f   MSVCRT:utility.obj
 0001:0000104b       ___scrt_dllmain_after_initialize_c 1000204b f   MSVCRT:utility.obj
 0001:00001076       ___scrt_dllmain_before_initialize_c 10002076 f   MSVCRT:utility.obj
 0001:00001084       ___scrt_dllmain_crt_thread_attach 10002084 f   MSVCRT:utility.obj
 0001:000010a3       ___scrt_dllmain_crt_thread_detach 100020a3 f   MSVCRT:utility.obj
 0001:000010b0       ___scrt_dllmain_exception_filter 100020b0 f   MSVCRT:utility.obj
 0001:000010e4       ___scrt_dllmain_uninitialize_c 100020e4 f   MSVCRT:utility.obj
 0001:00001107       ___scrt_dllmain_uninitialize_critical 10002107 f   MSVCRT:utility.obj
 0001:00001114       ___scrt_initialize_crt     10002114 f   MSVCRT:utility.obj
 0001:0000114d       ___scrt_initialize_onexit_tables 1000214d f   MSVCRT:utility.obj
 0001:000011d4       ___scrt_is_nonwritable_in_current_image 100021d4 f   MSVCRT:utility.obj
 0001:0000126b       ___scrt_release_startup_lock 1000226b f   MSVCRT:utility.obj
 0001:00001288       ___scrt_uninitialize_crt   10002288 f   MSVCRT:utility.obj
 0001:000012b0       ___scrt_get_dyn_tls_init_callback 100022b0 f   MSVCRT:dyn_tls_init.obj
 0001:000012b6       ___scrt_fastfail           100022b6 f   MSVCRT:utility_desktop.obj
 0001:000013cb       __crt_debugger_hook        100023cb f   MSVCRT:utility_desktop.obj
 0001:000013d6       __RTC_Initialize           100023d6 f   MSVCRT:initsect.obj
 0001:00001402       __RTC_Terminate            10002402 f   MSVCRT:initsect.obj
 0001:00001430       __SEH_prolog4              10002430 f   MSVCRT:sehprolg4.obj
 0001:00001475       __except_handler4          10002475 f   MSVCRT:chandler4gs.obj
 0001:000014a4       @_guard_check_icall_nop@4  100024a4 f i MSVCRT:guard_support.obj
 0001:000014a7       ___isa_available_init      100024a7 f   MSVCRT:cpu_disp.obj
 0001:000017c1       __get_startup_argv_mode    100027c1 f   MSVCRT:argv_mode.obj
 0001:000017c5       ___scrt_is_ucrt_dll_in_use 100027c5 f   MSVCRT:ucrt_detection.obj
 0001:000017d1       @__security_check_cookie@4 100027d1 f   MSVCRT:secchk.obj
 0001:000017df       ___raise_securityfailure   100027df f   MSVCRT:gs_report.obj
 0001:00001807       ___report_gsfailure        10002807 f   MSVCRT:gs_report.obj
 0001:00001902       ___std_type_info_destroy_list 10002902 f   vcruntime:VCRUNTIME140.dll
 0001:00001908       _memset                    10002908 f   vcruntime:VCRUNTIME140.dll
 0001:0000190e       __except_handler4_common   1000290e f   vcruntime:VCRUNTIME140.dll
 0001:00001914       __initterm                 10002914 f   ucrt:api-ms-win-crt-runtime-l1-1-0.dll
 0001:0000191a       __initterm_e               1000291a f   ucrt:api-ms-win-crt-runtime-l1-1-0.dll
 0001:00001920       __seh_filter_dll           10002920 f   ucrt:api-ms-win-crt-runtime-l1-1-0.dll
 0001:00001926       __configure_narrow_argv    10002926 f   ucrt:api-ms-win-crt-runtime-l1-1-0.dll
 0001:0000192c       __initialize_narrow_environment 1000292c f   ucrt:api-ms-win-crt-runtime-l1-1-0.dll
 0001:00001932       __initialize_onexit_table  10002932 f   ucrt:api-ms-win-crt-runtime-l1-1-0.dll
 0001:00001938       __execute_onexit_table     10002938 f   ucrt:api-ms-win-crt-runtime-l1-1-0.dll
 0001:0000193e       __cexit                    1000293e f   ucrt:api-ms-win-crt-runtime-l1-1-0.dll
 0001:00001944       ___acrt_initialize         10002944 f   MSVCRT:ucrt_stubs.obj
 0001:00001944       ___acrt_thread_attach      10002944 f   MSVCRT:ucrt_stubs.obj
 0001:00001944       ___acrt_thread_detach      10002944 f   MSVCRT:ucrt_stubs.obj
 0001:00001944       ___acrt_uninitialize       10002944 f   MSVCRT:ucrt_stubs.obj
 0001:00001944       ___acrt_uninitialize_critical 10002944 f   MSVCRT:ucrt_stubs.obj
 0001:00001944       ___scrt_stub_for_acrt_initialize 10002944 f   MSVCRT:ucrt_stubs.obj
 0001:00001944       ___scrt_stub_for_acrt_thread_attach 10002944 f   MSVCRT:ucrt_stubs.obj
 0001:00001944       ___scrt_stub_for_acrt_thread_detach 10002944 f   MSVCRT:ucrt_stubs.obj
 0001:00001944       ___scrt_stub_for_acrt_uninitialize 10002944 f   MSVCRT:ucrt_stubs.obj
 0001:00001944       ___scrt_stub_for_acrt_uninitialize_critical 10002944 f   MSVCRT:ucrt_stubs.obj
 0001:00001944       ___vcrt_initialize         10002944 f   MSVCRT:ucrt_stubs.obj
 0001:00001944       ___vcrt_thread_attach      10002944 f   MSVCRT:ucrt_stubs.obj
 0001:00001944       ___vcrt_thread_detach      10002944 f   MSVCRT:ucrt_stubs.obj
 0001:00001944       ___vcrt_uninitialize       10002944 f   MSVCRT:ucrt_stubs.obj
 0001:00001944       ___vcrt_uninitialize_critical 10002944 f   MSVCRT:ucrt_stubs.obj
 0001:00001947       ___scrt_stub_for_is_c_termination_complete 10002947 f   MSVCRT:ucrt_stubs.obj
 0001:00001947       __is_c_termination_complete 10002947 f   MSVCRT:ucrt_stubs.obj
 0001:0000194a       __filter_x86_sse2_floating_point_exception 1000294a f   MSVCRT:x86_exception_filter.obj
 0001:0000194a       __filter_x86_sse2_floating_point_exception_default 1000294a f   MSVCRT:x86_exception_filter.obj
 0002:00000000       __imp__AllocConsole@0      10003000     kernel32:KERNEL32.dll
 0002:00000004       __imp__CreateFileA@28      10003004     kernel32:KERNEL32.dll
 0002:00000008       __imp__SetFilePointer@16   10003008     kernel32:KERNEL32.dll
 0002:0000000c       __imp__WriteFile@20        1000300c     kernel32:KERNEL32.dll
 0002:00000010       __imp__CloseHandle@4       10003010     kernel32:KERNEL32.dll
 0002:00000014       __imp__GetLastError@0      10003014     kernel32:KERNEL32.dll
 0002:00000018       __imp__VirtualProtect@16   10003018     kernel32:KERNEL32.dll
 0002:0000001c       __imp__GetModuleHandleA@4  1000301c     kernel32:KERNEL32.dll
 0002:00000020       __imp__OutputDebugStringA@4 10003020     kernel32:KERNEL32.dll
 0002:00000024       __imp__GetProcAddress@8    10003024     kernel32:KERNEL32.dll
 0002:00000028       __imp__Sleep@4             10003028     kernel32:KERNEL32.dll
 0002:0000002c       __imp__ExitProcess@4       1000302c     kernel32:KERNEL32.dll
 0002:00000030       __imp__DisableThreadLibraryCalls@4 10003030     kernel32:KERNEL32.dll
 0002:00000034       __imp__CreateThread@24     10003034     kernel32:KERNEL32.dll
 0002:00000038       __imp__GetCurrentProcess@0 10003038     kernel32:KERNEL32.dll
 0002:0000003c       __imp__IsProcessorFeaturePresent@4 1000303c     kernel32:KERNEL32.dll
 0002:00000040       __imp__SetUnhandledExceptionFilter@4 10003040     kernel32:KERNEL32.dll
 0002:00000044       __imp__UnhandledExceptionFilter@4 10003044     kernel32:KERNEL32.dll
 0002:00000048       __imp__IsDebuggerPresent@0 10003048     kernel32:KERNEL32.dll
 0002:0000004c       __imp__InitializeSListHead@4 1000304c     kernel32:KERNEL32.dll
 0002:00000050       __imp__GetSystemTimeAsFileTime@4 10003050     kernel32:KERNEL32.dll
 0002:00000054       __imp__GetCurrentThreadId@0 10003054     kernel32:KERNEL32.dll
 0002:00000058       __imp__GetCurrentProcessId@0 10003058     kernel32:KERNEL32.dll
 0002:0000005c       __imp__QueryPerformanceCounter@4 1000305c     kernel32:KERNEL32.dll
 0002:00000060       __imp__TerminateProcess@8  10003060     kernel32:KERNEL32.dll
 0002:00000064       \177KERNEL32_NULL_THUNK_DATA 10003064     kernel32:KERNEL32.dll
 0002:00000068       __imp__SHGetFolderPathA@20 10003068     shell32:SHELL32.dll
 0002:0000006c       \177SHELL32_NULL_THUNK_DATA 1000306c     shell32:SHELL32.dll
 0002:00000070       __imp__GetWindowThreadProcessId@8 10003070     user32:USER32.dll
 0002:00000074       __imp__EnumChildWindows@12 10003074     user32:USER32.dll
 0002:00000078       __imp__UnhookWindowsHookEx@4 10003078     user32:USER32.dll
 0002:0000007c       __imp__FindWindowA@8       1000307c     user32:USER32.dll
 0002:00000080       __imp__CallNextHookEx@16   10003080     user32:USER32.dll
 0002:00000084       __imp__SetWindowsHookExA@16 10003084     user32:USER32.dll
 0002:00000088       __imp__SetDlgItemTextA@12  10003088     user32:USER32.dll
 0002:0000008c       __imp__GetClassNameA@12    1000308c     user32:USER32.dll
 0002:00000090       __imp__GetAsyncKeyState@4  10003090     user32:USER32.dll
 0002:00000094       __imp__GetDlgCtrlID@4      10003094     user32:USER32.dll
 0002:00000098       \177USER32_NULL_THUNK_DATA 10003098     user32:USER32.dll
 0002:0000009c       __imp___except_handler4_common 1000309c     vcruntime:VCRUNTIME140.dll
 0002:000000a0       __imp__memset              100030a0     vcruntime:VCRUNTIME140.dll
 0002:000000a4       __imp____std_type_info_destroy_list 100030a4     vcruntime:VCRUNTIME140.dll
 0002:000000a8       \177VCRUNTIME140_NULL_THUNK_DATA 100030a8     vcruntime:VCRUNTIME140.dll
 0002:000000ac       __imp__setlocale           100030ac     ucrt:api-ms-win-crt-locale-l1-1-0.dll
 0002:000000b0       \177api-ms-win-crt-locale-l1-1-0_NULL_THUNK_DATA 100030b0     ucrt:api-ms-win-crt-locale-l1-1-0.dll
 0002:000000b4       __imp___cexit              100030b4     ucrt:api-ms-win-crt-runtime-l1-1-0.dll
 0002:000000b8       __imp___initialize_onexit_table 100030b8     ucrt:api-ms-win-crt-runtime-l1-1-0.dll
 0002:000000bc       __imp___execute_onexit_table 100030bc     ucrt:api-ms-win-crt-runtime-l1-1-0.dll
 0002:000000c0       __imp___initialize_narrow_environment 100030c0     ucrt:api-ms-win-crt-runtime-l1-1-0.dll
 0002:000000c4       __imp___seh_filter_dll     100030c4     ucrt:api-ms-win-crt-runtime-l1-1-0.dll
 0002:000000c8       __imp___initterm_e         100030c8     ucrt:api-ms-win-crt-runtime-l1-1-0.dll
 0002:000000cc       __imp___initterm           100030cc     ucrt:api-ms-win-crt-runtime-l1-1-0.dll
 0002:000000d0       __imp___configure_narrow_argv 100030d0     ucrt:api-ms-win-crt-runtime-l1-1-0.dll
 0002:000000d4       \177api-ms-win-crt-runtime-l1-1-0_NULL_THUNK_DATA 100030d4     ucrt:api-ms-win-crt-runtime-l1-1-0.dll
 0002:000000d8       __imp____acrt_iob_func     100030d8     ucrt:api-ms-win-crt-stdio-l1-1-0.dll
 0002:000000dc       __imp____stdio_common_vsprintf_s 100030dc     ucrt:api-ms-win-crt-stdio-l1-1-0.dll
 0002:000000e0       __imp__freopen_s           100030e0     ucrt:api-ms-win-crt-stdio-l1-1-0.dll
 0002:000000e4       __imp____stdio_common_vfprintf 100030e4     ucrt:api-ms-win-crt-stdio-l1-1-0.dll
 0002:000000e8       \177api-ms-win-crt-stdio-l1-1-0_NULL_THUNK_DATA 100030e8     ucrt:api-ms-win-crt-stdio-l1-1-0.dll
 0002:000000ec       __imp__strcat_s            100030ec     ucrt:api-ms-win-crt-string-l1-1-0.dll
 0002:000000f0       __imp___stricmp            100030f0     ucrt:api-ms-win-crt-string-l1-1-0.dll
 0002:000000f4       \177api-ms-win-crt-string-l1-1-0_NULL_THUNK_DATA 100030f4     ucrt:api-ms-win-crt-string-l1-1-0.dll
 0002:000000f8       ___guard_check_icall_fptr  100030f8     MSVCRT:guard_support.obj
 0002:000000fc       ___castguard_check_failure_os_handled_fptr 100030fc     MSVCRT:guard_support.obj
 0002:00000100       ___xc_a                    10003100     MSVCRT:initializers.obj
 0002:00000104       ___xc_z                    10003104     MSVCRT:initializers.obj
 0002:00000108       ___xi_a                    10003108     MSVCRT:initializers.obj
 0002:0000010c       ___xi_z                    1000310c     MSVCRT:initializers.obj
 0002:00000110       ___xp_a                    10003110     MSVCRT:initializers.obj
 0002:00000114       ___xp_z                    10003114     MSVCRT:initializers.obj
 0002:00000118       ___xt_a                    10003118     MSVCRT:initializers.obj
 0002:0000011c       ___xt_z                    1000311c     MSVCRT:initializers.obj
 0002:00000120       __pDefaultRawDllMain       10003120     MSVCRT:dll_dllmain.obj
 0002:00000120       __pRawDllMain              10003120     MSVCRT:dll_dllmain.obj
 0002:00000348       __load_config_used         10003348     MSVCRT:loadcfg.obj
 0002:00000480       ___safe_se_handler_table   10003480     <linker-defined>
 0002:00000484       ___volatile_metadata       10003484     <linker-defined>
 0002:0000078c       ___rtc_iaa                 1000378c     MSVCRT:initsect.obj
 0002:00000790       ___rtc_izz                 10003790     MSVCRT:initsect.obj
 0002:00000794       ___rtc_taa                 10003794     MSVCRT:initsect.obj
 0002:00000798       ___rtc_tzz                 10003798     MSVCRT:initsect.obj
 0002:00000824       __IMPORT_DESCRIPTOR_KERNEL32 10003824     kernel32:KERNEL32.dll
 0002:00000838       __IMPORT_DESCRIPTOR_USER32 10003838     user32:USER32.dll
 0002:0000084c       __IMPORT_DESCRIPTOR_SHELL32 1000384c     shell32:SHELL32.dll
 0002:00000860       __IMPORT_DESCRIPTOR_VCRUNTIME140 10003860     vcruntime:VCRUNTIME140.dll
 0002:00000874       __IMPORT_DESCRIPTOR_api-ms-win-crt-stdio-l1-1-0 10003874     ucrt:api-ms-win-crt-stdio-l1-1-0.dll
 0002:00000888       __IMPORT_DESCRIPTOR_api-ms-win-crt-locale-l1-1-0 10003888     ucrt:api-ms-win-crt-locale-l1-1-0.dll
 0002:0000089c       __IMPORT_DESCRIPTOR_api-ms-win-crt-string-l1-1-0 1000389c     ucrt:api-ms-win-crt-string-l1-1-0.dll
 0002:000008b0       __IMPORT_DESCRIPTOR_api-ms-win-crt-runtime-l1-1-0 100038b0     ucrt:api-ms-win-crt-runtime-l1-1-0.dll
 0002:000008c4       __NULL_IMPORT_DESCRIPTOR   100038c4     kernel32:KERNEL32.dll
 0003:00000000       ___scrt_native_dllmain_reason 10004000     MSVCRT:utility.obj
 0003:00000040       ___security_cookie         10004040     MSVCRT:gs_cookie.obj
 0003:00000080       ___security_cookie_complement 10004080     MSVCRT:gs_cookie.obj
 0003:00000088       ___isa_inverted            10004088     MSVCRT:cpu_disp.obj
 0003:00000090       ___isa_enabled             10004090     MSVCRT:cpu_disp.obj
 0003:00000094       ___scrt_ucrt_dll_is_in_use 10004094     MSVCRT:ucrt_stubs.obj
 0003:00000098       ?r2enable@@3HA             10004098     2115227_±Ë¡§¿±_attack_dll.obj
 0003:000000a8       ?__type_info_root_node@@3U__type_info_node@@A 100040a8     MSVCRT:tncleanup.obj
 0003:000000b0       ?_OptionsStorage@?1??__local_stdio_scanf_options@@9@4_KA 100040b0     MSVCRT:default_local_stdio_options.obj
 0003:000000b8       ___scrt_current_native_startup_state 100040b8     MSVCRT:utility.obj
 0003:000000bc       ___scrt_native_startup_lock 100040bc     MSVCRT:utility.obj
 0003:000000dc       ___scrt_debugger_hook_flag 100040dc     MSVCRT:utility_desktop.obj
 0003:000000e0       ___avx10_version           100040e0     MSVCRT:cpu_disp.obj
 0003:000000e4       ___isa_available           100040e4     MSVCRT:cpu_disp.obj
 0003:000000e8       ___favor                   100040e8     MSVCRT:cpu_disp.obj
 0003:00000410       ?buf@@3PADA                10004410     2115227_±Ë¡§¿±_attack_dll.obj
 0003:00001410       ?SerialID@@3HA             10005410     2115227_±Ë¡§¿±_attack_dll.obj
 0003:00001414       ?NameID@@3HA               10005414     2115227_±Ë¡§¿±_attack_dll.obj
 0003:00001418       ?g_hHook@@3PAUHHOOK__@@A   10005418     2115227_±Ë¡§¿±_attack_dll.obj
 0003:0000141c       ?g_hInstance@@3PAUHINSTANCE__@@A 1000541c     2115227_±Ë¡§¿±_attack_dll.obj
 0003:00001420       ?pOriginalGetDlgItemTextA@@3P6GIPAUHWND__@@HPADH@ZA 10005420     2115227_±Ë¡§¿±_attack_dll.obj
 0003:00001424       ___@@_PchSym_@00@UfhvihUKlpKoqKrzKlnKpzKquKlnKqnKpvUhlfixvUivklhUzggzxpwooUzggzxpwooUivovzhvUkxsOlyq@4B2008FD98C1DD4 10005424     pch.obj
 0003:00001428       ?_OptionsStorage@?1??__local_stdio_printf_options@@9@4_KA 10005428     2115227_±Ë¡§¿±_attack_dll.obj
 0003:00001430       ___dyn_tls_init_callback   10005430     <common>

 entry point at        0001:00000ee1

 Static symbols

 0000:ffff8000       .debug$S                   10000000     ucrt:api-ms-win-crt-locale-l1-1-0.dll
 0000:ffff8000       .debug$S                   10000000     ucrt:api-ms-win-crt-runtime-l1-1-0.dll
 0000:ffff8000       .debug$S                   10000000     ucrt:api-ms-win-crt-runtime-l1-1-0.dll
 0000:ffff8000       .debug$S                   10000000     ucrt:api-ms-win-crt-runtime-l1-1-0.dll
 0000:ffff8000       .debug$S                   10000000     ucrt:api-ms-win-crt-runtime-l1-1-0.dll
 0000:ffff8000       .debug$S                   10000000     ucrt:api-ms-win-crt-runtime-l1-1-0.dll
 0000:ffff8000       .debug$S                   10000000     ucrt:api-ms-win-crt-runtime-l1-1-0.dll
 0000:ffff8000       .debug$S                   10000000     ucrt:api-ms-win-crt-runtime-l1-1-0.dll
 0000:ffff8000       .debug$S                   10000000     ucrt:api-ms-win-crt-runtime-l1-1-0.dll
 0000:ffff8000       .debug$S                   10000000     ucrt:api-ms-win-crt-runtime-l1-1-0.dll
 0000:ffff8000       .debug$S                   10000000     ucrt:api-ms-win-crt-runtime-l1-1-0.dll
 0000:ffff8000       .debug$S                   10000000     ucrt:api-ms-win-crt-runtime-l1-1-0.dll
 0000:ffff8000       .debug$S                   10000000     ucrt:api-ms-win-crt-runtime-l1-1-0.dll
 0000:ffff8000       .debug$S                   10000000     ucrt:api-ms-win-crt-stdio-l1-1-0.dll
 0000:ffff8000       .debug$S                   10000000     ucrt:api-ms-win-crt-stdio-l1-1-0.dll
 0000:ffff8000       .debug$S                   10000000     ucrt:api-ms-win-crt-stdio-l1-1-0.dll
 0000:ffff8000       .debug$S                   10000000     ucrt:api-ms-win-crt-stdio-l1-1-0.dll
 0000:ffff8000       .debug$S                   10000000     ucrt:api-ms-win-crt-string-l1-1-0.dll
 0000:ffff8000       .debug$S                   10000000     ucrt:api-ms-win-crt-string-l1-1-0.dll
 0000:ffff8000       .debug$S                   10000000     kernel32:KERNEL32.dll
 0000:ffff8000       .debug$S                   10000000     kernel32:KERNEL32.dll
 0000:ffff8000       .debug$S                   10000000     kernel32:KERNEL32.dll
 0000:ffff8000       .debug$S                   10000000     kernel32:KERNEL32.dll
 0000:ffff8000       .debug$S                   10000000     kernel32:KERNEL32.dll
 0000:ffff8000       .debug$S                   10000000     kernel32:KERNEL32.dll
 0000:ffff8000       .debug$S                   10000000     kernel32:KERNEL32.dll
 0000:ffff8000       .debug$S                   10000000     kernel32:KERNEL32.dll
 0000:ffff8000       .debug$S                   10000000     kernel32:KERNEL32.dll
 0000:ffff8000       .debug$S                   10000000     kernel32:KERNEL32.dll
 0000:ffff8000       .debug$S                   10000000     kernel32:KERNEL32.dll
 0000:ffff8000       .debug$S                   10000000     kernel32:KERNEL32.dll
 0000:ffff8000       .debug$S                   10000000     kernel32:KERNEL32.dll
 0000:ffff8000       .debug$S                   10000000     kernel32:KERNEL32.dll
 0000:ffff8000       .debug$S                   10000000     kernel32:KERNEL32.dll
 0000:ffff8000       .debug$S                   10000000     kernel32:KERNEL32.dll
 0000:ffff8000       .debug$S                   10000000     kernel32:KERNEL32.dll
 0000:ffff8000       .debug$S                   10000000     kernel32:KERNEL32.dll
 0000:ffff8000       .debug$S                   10000000     kernel32:KERNEL32.dll
 0000:ffff8000       .debug$S                   10000000     kernel32:KERNEL32.dll
 0000:ffff8000       .debug$S                   10000000     kernel32:KERNEL32.dll
 0000:ffff8000       .debug$S                   10000000     kernel32:KERNEL32.dll
 0000:ffff8000       .debug$S                   10000000     kernel32:KERNEL32.dll
 0000:ffff8000       .debug$S                   10000000     kernel32:KERNEL32.dll
 0000:ffff8000       .debug$S                   10000000     kernel32:KERNEL32.dll
 0000:ffff8000       .debug$S                   10000000     kernel32:KERNEL32.dll
 0000:ffff8000       .debug$S                   10000000     kernel32:KERNEL32.dll
 0000:ffff8000       .debug$S                   10000000     shell32:SHELL32.dll
 0000:ffff8000       .debug$S                   10000000     user32:USER32.dll
 0000:ffff8000       .debug$S                   10000000     user32:USER32.dll
 0000:ffff8000       .debug$S                   10000000     user32:USER32.dll
 0000:ffff8000       .debug$S                   10000000     user32:USER32.dll
 0000:ffff8000       .debug$S                   10000000     user32:USER32.dll
 0000:ffff8000       .debug$S                   10000000     user32:USER32.dll
 0000:ffff8000       .debug$S                   10000000     user32:USER32.dll
 0000:ffff8000       .debug$S                   10000000     user32:USER32.dll
 0000:ffff8000       .debug$S                   10000000     user32:USER32.dll
 0000:ffff8000       .debug$S                   10000000     user32:USER32.dll
 0000:ffff8000       .debug$S                   10000000     vcruntime:VCRUNTIME140.dll
 0000:ffff8000       .debug$S                   10000000     vcruntime:VCRUNTIME140.dll
 0000:ffff8000       .debug$S                   10000000     vcruntime:VCRUNTIME140.dll
 0000:ffff8000       .debug$S                   10000000     vcruntime:VCRUNTIME140.dll
 0000:ffff8000       .debug$S                   10000000     vcruntime:VCRUNTIME140.dll
 0001:00000b94       ?dllmain_crt_dispatch@@YGHQAUHINSTANCE__@@KQAX@Z 10001b94 f   MSVCRT:dll_dllmain.obj
 0001:00000be7       ?dllmain_crt_process_attach@@YAHQAUHINSTANCE__@@QAX@Z 10001be7 f   MSVCRT:dll_dllmain.obj
 0001:00000cf1       ?dllmain_crt_process_detach@@YAH_N@Z 10001cf1 f   MSVCRT:dll_dllmain.obj
 0001:00000da8       ?dllmain_dispatch@@YAHQAUHINSTANCE__@@KQAX@Z 10001da8 f   MSVCRT:dll_dllmain.obj
 0001:00000eb6       ?dllmain_raw@@YGHQAUHINSTANCE__@@KQAX@Z 10001eb6 f   MSVCRT:dll_dllmain.obj
 0001:00000f04       ___get_entropy             10001f04 f   MSVCRT:gs_support.obj
 0001:00000fd7       ?find_pe_section@@YAPAU_IMAGE_SECTION_HEADER@@QAEI@Z 10001fd7 f   MSVCRT:utility.obj
 0001:00001430       $$000000                   10002430     MSVCRT:sehprolg4.obj
 0002:00000124       _GS_ExceptionPointers      10003124     MSVCRT:gs_report.obj
 0002:00000130       $SG4294967289              10003130     2115227_±Ë¡§¿±_attack_dll.obj
 0002:00000134       $SG4294967288              10003134     2115227_±Ë¡§¿±_attack_dll.obj
 0002:0000013c       $SG4294967287              1000313c     2115227_±Ë¡§¿±_attack_dll.obj
 0002:00000148       $SG4294967286              10003148     2115227_±Ë¡§¿±_attack_dll.obj
 0002:0000018c       $SG4294967285              1000318c     2115227_±Ë¡§¿±_attack_dll.obj
 0002:000001cc       $SG4294967284              100031cc     2115227_±Ë¡§¿±_attack_dll.obj
 0002:000001d8       $SG4294967283              100031d8     2115227_±Ë¡§¿±_attack_dll.obj
 0002:000001dc       $SG4294967282              100031dc     2115227_±Ë¡§¿±_attack_dll.obj
 0002:00000208       $SG4294967281              10003208     2115227_±Ë¡§¿±_attack_dll.obj
 0002:00000218       $SG4294967280              10003218     2115227_±Ë¡§¿±_attack_dll.obj
 0002:00000224       $SG4294967279              10003224     2115227_±Ë¡§¿±_attack_dll.obj
 0002:00000230       $SG4294967278              10003230     2115227_±Ë¡§¿±_attack_dll.obj
 0002:00000240       $SG4294967277              10003240     2115227_±Ë¡§¿±_attack_dll.obj
 0002:00000244       $SG4294967276              10003244     2115227_±Ë¡§¿±_attack_dll.obj
 0002:00000248       $SG4294967275              10003248     2115227_±Ë¡§¿±_attack_dll.obj
 0002:00000250       $SG4294967274              10003250     2115227_±Ë¡§¿±_attack_dll.obj
 0002:00000270       $SG4294967273              10003270     2115227_±Ë¡§¿±_attack_dll.obj
 0002:00000280       $SG4294967272              10003280     2115227_±Ë¡§¿±_attack_dll.obj
 0002:000002c8       $SG4294967271              100032c8     2115227_±Ë¡§¿±_attack_dll.obj
 0002:000002d8       $SG4294967270              100032d8     2115227_±Ë¡§¿±_attack_dll.obj
 0002:00000320       $SG4294967269              10003320     2115227_±Ë¡§¿±_attack_dll.obj
 0002:00000338       $SG4294967268              10003338     2115227_±Ë¡§¿±_attack_dll.obj
 0002:000007a0       __sehtable$?dllmain_crt_process_attach@@YAHQAUHINSTANCE__@@QAX@Z 100037a0     MSVCRT:dll_dllmain.obj
 0002:000007c0       __sehtable$?dllmain_crt_process_detach@@YAH_N@Z 100037c0     MSVCRT:dll_dllmain.obj
 0002:000007e8       __sehtable$?dllmain_dispatch@@YAHQAUHINSTANCE__@@KQAX@Z 100037e8     MSVCRT:dll_dllmain.obj
 0002:00000808       __sehtable$___scrt_is_nonwritable_in_current_image 10003808     MSVCRT:utility.obj
 0002:00000aba       .idata$6                   10003aba     kernel32:KERNEL32.dll
 0002:00000b88       .idata$6                   10003b88     user32:USER32.dll
 0002:00000ba8       .idata$6                   10003ba8     shell32:SHELL32.dll
 0002:00000bf8       .idata$6                   10003bf8     vcruntime:VCRUNTIME140.dll
 0002:00000d28       .idata$6                   10003d28     ucrt:api-ms-win-crt-stdio-l1-1-0.dll
 0002:00000d48       .idata$6                   10003d48     ucrt:api-ms-win-crt-locale-l1-1-0.dll
 0002:00000d6a       .idata$6                   10003d6a     ucrt:api-ms-win-crt-string-l1-1-0.dll
 0002:00000d8c       .idata$6                   10003d8c     ucrt:api-ms-win-crt-runtime-l1-1-0.dll
 0003:000000a0       ?__proc_attached@@3HA      100040a0     MSVCRT:dll_dllmain.obj
 0003:000000c0       ?is_initialized_as_dll@@3_NA 100040c0     MSVCRT:utility.obj
 0003:000000c1       ?module_local_atexit_table_initialized@@3_NA 100040c1     MSVCRT:utility.obj
 0003:000000c4       ?module_local_atexit_table@@3U_onexit_table_t@@A 100040c4     MSVCRT:utility.obj
 0003:000000d0       ?module_local_at_quick_exit_table@@3U_onexit_table_t@@A 100040d0     MSVCRT:utility.obj
 0003:000000f0       _GS_ExceptionRecord        100040f0     MSVCRT:gs_report.obj
 0003:00000140       _GS_ContextRecord          10004140     MSVCRT:gs_report.obj
 0003:0000040c       ?pmygetText@?1??GenerateSerial@@YAXPAUHWND__@@@Z@4P6GI0HPADH@ZA 1000440c     2115227_±Ë¡§¿±_attack_dll.obj
 0004:00000060       $R000000                   10006060     * linker generated manifest res *
