 ATTACK

 Timestamp is 6939654e (Wed Dec 10 21:19:26 2025)

 Preferred load address is 00400000

 Start         Length     Name                   Class
 0001:00000000 0000124aH .text$mn                CODE
 0002:00000000 0000010cH .idata$5                DATA
 0002:0000010c 00000008H .00cfg                  DATA
 0002:00000114 00000004H .CRT$XCA                DATA
 0002:00000118 00000004H .CRT$XCAA               DATA
 0002:0000011c 00000004H .CRT$XCZ                DATA
 0002:00000120 00000004H .CRT$XIA                DATA
 0002:00000124 00000004H .CRT$XIAA               DATA
 0002:00000128 00000004H .CRT$XIAC               DATA
 0002:0000012c 00000004H .CRT$XIZ                DATA
 0002:00000130 00000004H .CRT$XPA                DATA
 0002:00000134 00000004H .CRT$XPZ                DATA
 0002:00000138 00000004H .CRT$XTA                DATA
 0002:0000013c 00000004H .CRT$XTZ                DATA
 0002:00000140 00000000H .gfids$y                DATA
 0002:00000140 00000480H .rdata                  DATA
 0002:000005c0 00000000H .rdata$CastGuardVftablesA DATA
 0002:000005c0 00000000H .rdata$CastGuardVftablesC DATA
 0002:000005c0 00000004H .rdata$sxdata           DATA
 0002:000005c4 0000006cH .rdata$voltmd           DATA
 0002:00000630 000002d4H .rdata$zzzdbg           DATA
 0002:00000904 00000004H .rtc$IAA                DATA
 0002:00000908 00000004H .rtc$IZZ                DATA
 0002:0000090c 00000004H .rtc$TAA                DATA
 0002:00000910 00000008H .rtc$TZZ                DATA
 0002:00000918 0000003cH .xdata$x                DATA
 0002:00000954 00000000H .edata                  DATA
 0002:00000954 000000a0H .idata$2                DATA
 0002:000009f4 00000014H .idata$3                DATA
 0002:00000a08 0000010cH .idata$4                DATA
 0002:00000b14 00000594H .idata$6                DATA
 0003:00000000 00000090H .data                   DATA
 0003:00000090 00000378H .bss                    DATA
 0004:00000000 00000060H .rsrc$01                DATA
 0004:00000060 00000180H .rsrc$02                DATA

  Address         Publics by Value              Rva+Base       Lib:Object

 0000:00000000       ___AbsoluteZero            00000000     <absolute>
 0000:00000000       ___arm64x_extra_rfe_table  00000000     <absolute>
 0000:00000000       ___arm64x_extra_rfe_table_size 00000000     <absolute>
 0000:00000000       ___arm64x_native_entrypoint 00000000     <absolute>
 0000:00000000       ___arm64x_redirection_metadata 00000000     <absolute>
 0000:00000000       ___arm64x_redirection_metadata_count 00000000     <absolute>
 0000:00000000       ___dynamic_value_reloc_table 00000000     <absolute>
 0000:00000000       ___enclave_config          00000000     <absolute>
 0000:00000000       ___guard_check_icall_a64n_fptr 00000000     <absolute>
 0000:00000000       ___guard_eh_cont_count     00000000     <absolute>
 0000:00000000       ___guard_eh_cont_table     00000000     <absolute>
 0000:00000000       ___guard_fids_count        00000000     <absolute>
 0000:00000000       ___guard_fids_table        00000000     <absolute>
 0000:00000000       ___guard_iat_count         00000000     <absolute>
 0000:00000000       ___guard_iat_table         00000000     <absolute>
 0000:00000000       ___guard_longjmp_count     00000000     <absolute>
 0000:00000000       ___guard_longjmp_table     00000000     <absolute>
 0000:00000000       ___hybrid_auxiliary_delayload_iat 00000000     <absolute>
 0000:00000000       ___hybrid_auxiliary_delayload_iat_copy 00000000     <absolute>
 0000:00000000       ___hybrid_auxiliary_iat    00000000     <absolute>
 0000:00000000       ___hybrid_auxiliary_iat_copy 00000000     <absolute>
 0000:00000000       ___hybrid_code_map         00000000     <absolute>
 0000:00000000       ___hybrid_code_map_count   00000000     <absolute>
 0000:00000000       ___hybrid_image_info_bitfield 00000000     <absolute>
 0000:00000000       ___x64_code_ranges_to_entry_points 00000000     <absolute>
 0000:00000000       ___x64_code_ranges_to_entry_points_count 00000000     <absolute>
 0000:00000001       ___safe_se_handler_count   00000001     <absolute>
 0000:00000100       ___guard_flags             00000100     <absolute>
 0000:00000000       ___ImageBase               00400000     <linker-defined>
 0001:00000000       ___local_stdio_printf_options 00401000 f i 2115227_±Ë¡§¿±_attack.obj
 0001:00000010       __vfwprintf_l              00401010 f i 2115227_±Ë¡§¿±_attack.obj
 0001:00000040       _wprintf                   00401040 f i 2115227_±Ë¡§¿±_attack.obj
 0001:00000080       __vfprintf_l               00401080 f i 2115227_±Ë¡§¿±_attack.obj
 0001:000000b0       _printf                    004010b0 f i 2115227_±Ë¡§¿±_attack.obj
 0001:000000f0       ?FindProcessID@@YAKPB_W@Z  004010f0 f   2115227_±Ë¡§¿±_attack.obj
 0001:00000180       ?InjectDLL@@YAHKPB_W@Z     00401180 f   2115227_±Ë¡§¿±_attack.obj
 0001:00000380       _main                      00401380 f   2115227_±Ë¡§¿±_attack.obj
 0001:000006cf       _mainCRTStartup            004016cf f   MSVCRT:exe_main.obj
 0001:0000071b       ___scrt_acquire_startup_lock 0040171b f   MSVCRT:utility.obj
 0001:0000074d       ___scrt_initialize_crt     0040174d f   MSVCRT:utility.obj
 0001:00000786       ___scrt_initialize_onexit_tables 00401786 f   MSVCRT:utility.obj
 0001:0000080d       ___scrt_is_nonwritable_in_current_image 0040180d f   MSVCRT:utility.obj
 0001:000008a4       ___scrt_release_startup_lock 004018a4 f   MSVCRT:utility.obj
 0001:000008c1       ___scrt_uninitialize_crt   004018c1 f   MSVCRT:utility.obj
 0001:000008e9       __onexit                   004018e9 f   MSVCRT:utility.obj
 0001:00000917       _atexit                    00401917 f   MSVCRT:utility.obj
 0001:00000979       ___security_init_cookie    00401979 f   MSVCRT:gs_support.obj
 0001:000009c4       ___scrt_exe_initialize_mta 004019c4 f   MSVCRT:utility_desktop.obj
 0001:000009c4       ___scrt_initialize_winrt   004019c4 f   MSVCRT:utility_desktop.obj
 0001:000009c4       ___scrt_stub_for_initialize_mta 004019c4 f   MSVCRT:utility_desktop.obj
 0001:000009c4       __get_startup_commit_mode  004019c4 f   MSVCRT:commit_mode.obj
 0001:000009c4       __get_startup_new_mode     004019c4 f   MSVCRT:new_mode.obj
 0001:000009c4       __get_startup_thread_locale_mode 004019c4 f   MSVCRT:thread_locale.obj
 0001:000009c4       __matherr                  004019c4 f   MSVCRT:matherr.obj
 0001:000009c7       __get_startup_argv_mode    004019c7 f   MSVCRT:argv_mode.obj
 0001:000009cb       __get_startup_file_mode    004019cb f   MSVCRT:file_mode.obj
 0001:000009d1       ?__scrt_initialize_type_info@@YAXXZ 004019d1 f   MSVCRT:tncleanup.obj
 0001:000009dd       ___acrt_initialize         004019dd f   MSVCRT:ucrt_stubs.obj
 0001:000009dd       ___acrt_uninitialize       004019dd f   MSVCRT:ucrt_stubs.obj
 0001:000009dd       ___scrt_stub_for_acrt_initialize 004019dd f   MSVCRT:ucrt_stubs.obj
 0001:000009dd       ___scrt_stub_for_acrt_uninitialize 004019dd f   MSVCRT:ucrt_stubs.obj
 0001:000009dd       ___vcrt_initialize         004019dd f   MSVCRT:ucrt_stubs.obj
 0001:000009dd       ___vcrt_uninitialize       004019dd f   MSVCRT:ucrt_stubs.obj
 0001:000009dd       __should_initialize_environment 004019dd f   MSVCRT:env_mode.obj
 0001:000009e0       __initialize_default_precision 004019e0 f   MSVCRT:default_precision.obj
 0001:00000a01       @_guard_check_icall_nop@4  00401a01 f   MSVCRT:guard_support.obj
 0001:00000a01       __initialize_denormal_control 00401a01 f   MSVCRT:denormal_control.obj
 0001:00000a01       __initialize_invalid_parameter_handler 00401a01 f   MSVCRT:invalid_parameter_handler.obj
 0001:00000a04       ___local_stdio_scanf_options 00401a04 f i MSVCRT:default_local_stdio_options.obj
 0001:00000a0a       ___scrt_initialize_default_local_stdio_options 00401a0a f   MSVCRT:default_local_stdio_options.obj
 0001:00000a27       ___scrt_is_user_matherr_present 00401a27 f   MSVCRT:matherr_detection.obj
 0001:00000a33       ___scrt_get_dyn_tls_init_callback 00401a33 f   MSVCRT:dyn_tls_init.obj
 0001:00000a39       ___scrt_get_dyn_tls_dtor_callback 00401a39 f   MSVCRT:dyn_tls_dtor.obj
 0001:00000a3f       ___scrt_fastfail           00401a3f f   MSVCRT:utility_desktop.obj
 0001:00000b54       ___scrt_initialize_mta     00401b54 f   MSVCRT:utility_desktop.obj
 0001:00000b59       ___scrt_is_managed_app     00401b59 f   MSVCRT:utility_desktop.obj
 0001:00000b9b       ___scrt_set_unhandled_exception_filter 00401b9b f   MSVCRT:utility_desktop.obj
 0001:00000ba7       ___scrt_unhandled_exception_filter@4 00401ba7 f   MSVCRT:utility_desktop.obj
 0001:00000bfd       __crt_debugger_hook        00401bfd f   MSVCRT:utility_desktop.obj
 0001:00000c08       __RTC_Initialize           00401c08 f   MSVCRT:initsect.obj
 0001:00000c34       __RTC_Terminate            00401c34 f   MSVCRT:initsect.obj
 0001:00000c60       __SEH_prolog4              00401c60 f   MSVCRT:sehprolg4.obj
 0001:00000ca5       __except_handler4          00401ca5 f   MSVCRT:chandler4gs.obj
 0001:00000cd4       ___isa_available_init      00401cd4 f   MSVCRT:cpu_disp.obj
 0001:00000fee       ___scrt_is_ucrt_dll_in_use 00401fee f   MSVCRT:ucrt_detection.obj
 0001:00000ffa       @__security_check_cookie@4 00401ffa f   MSVCRT:secchk.obj
 0001:00001008       ___raise_securityfailure   00402008 f   MSVCRT:gs_report.obj
 0001:00001030       ___report_gsfailure        00402030 f   MSVCRT:gs_report.obj
 0001:0000112b       ___current_exception       0040212b f   vcruntime:VCRUNTIME140.dll
 0001:00001131       ___current_exception_context 00402131 f   vcruntime:VCRUNTIME140.dll
 0001:00001137       _memset                    00402137 f   vcruntime:VCRUNTIME140.dll
 0001:0000113d       __except_handler4_common   0040213d f   vcruntime:VCRUNTIME140.dll
 0001:00001143       __seh_filter_exe           00402143 f   ucrt:api-ms-win-crt-runtime-l1-1-0.dll
 0001:00001149       __set_app_type             00402149 f   ucrt:api-ms-win-crt-runtime-l1-1-0.dll
 0001:0000114f       ___setusermatherr          0040214f f   ucrt:api-ms-win-crt-math-l1-1-0.dll
 0001:00001155       __configure_narrow_argv    00402155 f   ucrt:api-ms-win-crt-runtime-l1-1-0.dll
 0001:0000115b       __initialize_narrow_environment 0040215b f   ucrt:api-ms-win-crt-runtime-l1-1-0.dll
 0001:00001161       __get_initial_narrow_environment 00402161 f   ucrt:api-ms-win-crt-runtime-l1-1-0.dll
 0001:00001167       __initterm                 00402167 f   ucrt:api-ms-win-crt-runtime-l1-1-0.dll
 0001:0000116d       __initterm_e               0040216d f   ucrt:api-ms-win-crt-runtime-l1-1-0.dll
 0001:00001173       _exit                      00402173 f   ucrt:api-ms-win-crt-runtime-l1-1-0.dll
 0001:00001179       __exit                     00402179 f   ucrt:api-ms-win-crt-runtime-l1-1-0.dll
 0001:0000117f       __set_fmode                0040217f f   ucrt:api-ms-win-crt-stdio-l1-1-0.dll
 0001:00001185       ___p___argc                00402185 f   ucrt:api-ms-win-crt-runtime-l1-1-0.dll
 0001:0000118b       ___p___argv                0040218b f   ucrt:api-ms-win-crt-runtime-l1-1-0.dll
 0001:00001191       __cexit                    00402191 f   ucrt:api-ms-win-crt-runtime-l1-1-0.dll
 0001:00001197       __c_exit                   00402197 f   ucrt:api-ms-win-crt-runtime-l1-1-0.dll
 0001:0000119d       __register_thread_local_exe_atexit_callback 0040219d f   ucrt:api-ms-win-crt-runtime-l1-1-0.dll
 0001:000011a3       __configthreadlocale       004021a3 f   ucrt:api-ms-win-crt-locale-l1-1-0.dll
 0001:000011a9       __set_new_mode             004021a9 f   ucrt:api-ms-win-crt-heap-l1-1-0.dll
 0001:000011af       ___p__commode              004021af f   ucrt:api-ms-win-crt-stdio-l1-1-0.dll
 0001:000011b5       __initialize_onexit_table  004021b5 f   ucrt:api-ms-win-crt-runtime-l1-1-0.dll
 0001:000011bb       __register_onexit_function 004021bb f   ucrt:api-ms-win-crt-runtime-l1-1-0.dll
 0001:000011c1       __crt_atexit               004021c1 f   ucrt:api-ms-win-crt-runtime-l1-1-0.dll
 0001:000011c7       __controlfp_s              004021c7 f   ucrt:api-ms-win-crt-runtime-l1-1-0.dll
 0001:000011cd       _terminate                 004021cd f   ucrt:api-ms-win-crt-runtime-l1-1-0.dll
 0001:000011d3       __filter_x86_sse2_floating_point_exception 004021d3 f   MSVCRT:x86_exception_filter.obj
 0001:000011d3       __filter_x86_sse2_floating_point_exception_default 004021d3 f   MSVCRT:x86_exception_filter.obj
 0002:00000000       __imp__WriteProcessMemory@20 00403000     kernel32:KERNEL32.dll
 0002:00000004       __imp__GetFullPathNameW@16 00403004     kernel32:KERNEL32.dll
 0002:00000008       __imp__WaitForSingleObject@8 00403008     kernel32:KERNEL32.dll
 0002:0000000c       __imp__GetFileAttributesW@4 0040300c     kernel32:KERNEL32.dll
 0002:00000010       __imp__GetModuleHandleA@4  00403010     kernel32:KERNEL32.dll
 0002:00000014       __imp__OpenProcess@12      00403014     kernel32:KERNEL32.dll
 0002:00000018       __imp__CreateToolhelp32Snapshot@8 00403018     kernel32:KERNEL32.dll
 0002:0000001c       __imp__GetExitCodeThread@8 0040301c     kernel32:KERNEL32.dll
 0002:00000020       __imp__Process32NextW@8    00403020     kernel32:KERNEL32.dll
 0002:00000024       __imp__Process32FirstW@8   00403024     kernel32:KERNEL32.dll
 0002:00000028       __imp__CloseHandle@4       00403028     kernel32:KERNEL32.dll
 0002:0000002c       __imp__GetProcAddress@8    0040302c     kernel32:KERNEL32.dll
 0002:00000030       __imp__VirtualAllocEx@20   00403030     kernel32:KERNEL32.dll
 0002:00000034       __imp__CreateRemoteThread@28 00403034     kernel32:KERNEL32.dll
 0002:00000038       __imp__VirtualFreeEx@16    00403038     kernel32:KERNEL32.dll
 0002:0000003c       __imp__GetCurrentProcess@0 0040303c     kernel32:KERNEL32.dll
 0002:00000040       __imp__GetModuleHandleW@4  00403040     kernel32:KERNEL32.dll
 0002:00000044       __imp__IsProcessorFeaturePresent@4 00403044     kernel32:KERNEL32.dll
 0002:00000048       __imp__SetUnhandledExceptionFilter@4 00403048     kernel32:KERNEL32.dll
 0002:0000004c       __imp__UnhandledExceptionFilter@4 0040304c     kernel32:KERNEL32.dll
 0002:00000050       __imp__IsDebuggerPresent@0 00403050     kernel32:KERNEL32.dll
 0002:00000054       __imp__InitializeSListHead@4 00403054     kernel32:KERNEL32.dll
 0002:00000058       __imp__GetSystemTimeAsFileTime@4 00403058     kernel32:KERNEL32.dll
 0002:0000005c       __imp__GetCurrentThreadId@0 0040305c     kernel32:KERNEL32.dll
 0002:00000060       __imp__GetCurrentProcessId@0 00403060     kernel32:KERNEL32.dll
 0002:00000064       __imp__QueryPerformanceCounter@4 00403064     kernel32:KERNEL32.dll
 0002:00000068       __imp__TerminateProcess@8  00403068     kernel32:KERNEL32.dll
 0002:0000006c       \177KERNEL32_NULL_THUNK_DATA 0040306c     kernel32:KERNEL32.dll
 0002:00000070       __imp__memset              00403070     vcruntime:VCRUNTIME140.dll
 0002:00000074       __imp___except_handler4_common 00403074     vcruntime:VCRUNTIME140.dll
 0002:00000078       __imp____current_exception_context 00403078     vcruntime:VCRUNTIME140.dll
 0002:0000007c       __imp____current_exception 0040307c     vcruntime:VCRUNTIME140.dll
 0002:00000080       \177VCRUNTIME140_NULL_THUNK_DATA 00403080     vcruntime:VCRUNTIME140.dll
 0002:00000084       __imp___set_new_mode       00403084     ucrt:api-ms-win-crt-heap-l1-1-0.dll
 0002:00000088       \177api-ms-win-crt-heap-l1-1-0_NULL_THUNK_DATA 00403088     ucrt:api-ms-win-crt-heap-l1-1-0.dll
 0002:0000008c       __imp___configthreadlocale 0040308c     ucrt:api-ms-win-crt-locale-l1-1-0.dll
 0002:00000090       \177api-ms-win-crt-locale-l1-1-0_NULL_THUNK_DATA 00403090     ucrt:api-ms-win-crt-locale-l1-1-0.dll
 0002:00000094       __imp____setusermatherr    00403094     ucrt:api-ms-win-crt-math-l1-1-0.dll
 0002:00000098       \177api-ms-win-crt-math-l1-1-0_NULL_THUNK_DATA 00403098     ucrt:api-ms-win-crt-math-l1-1-0.dll
 0002:0000009c       __imp___register_thread_local_exe_atexit_callback 0040309c     ucrt:api-ms-win-crt-runtime-l1-1-0.dll
 0002:000000a0       __imp___cexit              004030a0     ucrt:api-ms-win-crt-runtime-l1-1-0.dll
 0002:000000a4       __imp____p___argv          004030a4     ucrt:api-ms-win-crt-runtime-l1-1-0.dll
 0002:000000a8       __imp____p___argc          004030a8     ucrt:api-ms-win-crt-runtime-l1-1-0.dll
 0002:000000ac       __imp___set_app_type       004030ac     ucrt:api-ms-win-crt-runtime-l1-1-0.dll
 0002:000000b0       __imp___initialize_onexit_table 004030b0     ucrt:api-ms-win-crt-runtime-l1-1-0.dll
 0002:000000b4       __imp___register_onexit_function 004030b4     ucrt:api-ms-win-crt-runtime-l1-1-0.dll
 0002:000000b8       __imp___crt_atexit         004030b8     ucrt:api-ms-win-crt-runtime-l1-1-0.dll
 0002:000000bc       __imp___controlfp_s        004030bc     ucrt:api-ms-win-crt-runtime-l1-1-0.dll
 0002:000000c0       __imp__terminate           004030c0     ucrt:api-ms-win-crt-runtime-l1-1-0.dll
 0002:000000c4       __imp___exit               004030c4     ucrt:api-ms-win-crt-runtime-l1-1-0.dll
 0002:000000c8       __imp__exit                004030c8     ucrt:api-ms-win-crt-runtime-l1-1-0.dll
 0002:000000cc       __imp___initterm_e         004030cc     ucrt:api-ms-win-crt-runtime-l1-1-0.dll
 0002:000000d0       __imp___c_exit             004030d0     ucrt:api-ms-win-crt-runtime-l1-1-0.dll
 0002:000000d4       __imp___initterm           004030d4     ucrt:api-ms-win-crt-runtime-l1-1-0.dll
 0002:000000d8       __imp___get_initial_narrow_environment 004030d8     ucrt:api-ms-win-crt-runtime-l1-1-0.dll
 0002:000000dc       __imp___seh_filter_exe     004030dc     ucrt:api-ms-win-crt-runtime-l1-1-0.dll
 0002:000000e0       __imp___initialize_narrow_environment 004030e0     ucrt:api-ms-win-crt-runtime-l1-1-0.dll
 0002:000000e4       __imp___configure_narrow_argv 004030e4     ucrt:api-ms-win-crt-runtime-l1-1-0.dll
 0002:000000e8       \177api-ms-win-crt-runtime-l1-1-0_NULL_THUNK_DATA 004030e8     ucrt:api-ms-win-crt-runtime-l1-1-0.dll
 0002:000000ec       __imp____p__commode        004030ec     ucrt:api-ms-win-crt-stdio-l1-1-0.dll
 0002:000000f0       __imp____stdio_common_vfwprintf 004030f0     ucrt:api-ms-win-crt-stdio-l1-1-0.dll
 0002:000000f4       __imp____stdio_common_vfprintf 004030f4     ucrt:api-ms-win-crt-stdio-l1-1-0.dll
 0002:000000f8       __imp____acrt_iob_func     004030f8     ucrt:api-ms-win-crt-stdio-l1-1-0.dll
 0002:000000fc       __imp___set_fmode          004030fc     ucrt:api-ms-win-crt-stdio-l1-1-0.dll
 0002:00000100       \177api-ms-win-crt-stdio-l1-1-0_NULL_THUNK_DATA 00403100     ucrt:api-ms-win-crt-stdio-l1-1-0.dll
 0002:00000104       __imp___wcsicmp            00403104     ucrt:api-ms-win-crt-string-l1-1-0.dll
 0002:00000108       \177api-ms-win-crt-string-l1-1-0_NULL_THUNK_DATA 00403108     ucrt:api-ms-win-crt-string-l1-1-0.dll
 0002:0000010c       ___guard_check_icall_fptr  0040310c     MSVCRT:guard_support.obj
 0002:00000110       ___castguard_check_failure_os_handled_fptr 00403110     MSVCRT:guard_support.obj
 0002:00000114       ___xc_a                    00403114     MSVCRT:initializers.obj
 0002:0000011c       ___xc_z                    0040311c     MSVCRT:initializers.obj
 0002:00000120       ___xi_a                    00403120     MSVCRT:initializers.obj
 0002:0000012c       ___xi_z                    0040312c     MSVCRT:initializers.obj
 0002:00000130       ___xp_a                    00403130     MSVCRT:initializers.obj
 0002:00000134       ___xp_z                    00403134     MSVCRT:initializers.obj
 0002:00000138       ___xt_a                    00403138     MSVCRT:initializers.obj
 0002:0000013c       ___xt_z                    0040313c     MSVCRT:initializers.obj
 0002:00000480       __load_config_used         00403480     MSVCRT:loadcfg.obj
 0002:000005c0       ___safe_se_handler_table   004035c0     <linker-defined>
 0002:000005c4       ___volatile_metadata       004035c4     <linker-defined>
 0002:00000904       ___rtc_iaa                 00403904     MSVCRT:initsect.obj
 0002:00000908       ___rtc_izz                 00403908     MSVCRT:initsect.obj
 0002:0000090c       ___rtc_taa                 0040390c     MSVCRT:initsect.obj
 0002:00000910       ___rtc_tzz                 00403910     MSVCRT:initsect.obj
 0002:00000954       __IMPORT_DESCRIPTOR_KERNEL32 00403954     kernel32:KERNEL32.dll
 0002:00000968       __IMPORT_DESCRIPTOR_VCRUNTIME140 00403968     vcruntime:VCRUNTIME140.dll
 0002:0000097c       __IMPORT_DESCRIPTOR_api-ms-win-crt-stdio-l1-1-0 0040397c     ucrt:api-ms-win-crt-stdio-l1-1-0.dll
 0002:00000990       __IMPORT_DESCRIPTOR_api-ms-win-crt-string-l1-1-0 00403990     ucrt:api-ms-win-crt-string-l1-1-0.dll
 0002:000009a4       __IMPORT_DESCRIPTOR_api-ms-win-crt-runtime-l1-1-0 004039a4     ucrt:api-ms-win-crt-runtime-l1-1-0.dll
 0002:000009b8       __IMPORT_DESCRIPTOR_api-ms-win-crt-math-l1-1-0 004039b8     ucrt:api-ms-win-crt-math-l1-1-0.dll
 0002:000009cc       __IMPORT_DESCRIPTOR_api-ms-win-crt-locale-l1-1-0 004039cc     ucrt:api-ms-win-crt-locale-l1-1-0.dll
 0002:000009e0       __IMPORT_DESCRIPTOR_api-ms-win-crt-heap-l1-1-0 004039e0     ucrt:api-ms-win-crt-heap-l1-1-0.dll
 0002:000009f4       __NULL_IMPORT_DESCRIPTOR   004039f4     kernel32:KERNEL32.dll
 0003:00000000       ___scrt_native_dllmain_reason 00405000     MSVCRT:utility.obj
 0003:00000004       ___scrt_default_matherr    00405004     MSVCRT:matherr.obj
 0003:00000010       ___isa_inverted            00405010     MSVCRT:cpu_disp.obj
 0003:00000018       ___isa_enabled             00405018     MSVCRT:cpu_disp.obj
 0003:00000040       ___security_cookie         00405040     MSVCRT:gs_cookie.obj
 0003:00000080       ___security_cookie_complement 00405080     MSVCRT:gs_cookie.obj
 0003:00000084       ___scrt_ucrt_dll_is_in_use 00405084     MSVCRT:ucrt_stubs.obj
 0003:00000088       ?MY_DLL@@3PB_WB            00405088     2115227_±Ë¡§¿±_attack.obj
 0003:00000090       ___scrt_current_native_startup_state 00405090     MSVCRT:utility.obj
 0003:00000094       ___scrt_native_startup_lock 00405094     MSVCRT:utility.obj
 0003:000000b8       ?__type_info_root_node@@3U__type_info_node@@A 004050b8     MSVCRT:tncleanup.obj
 0003:000000c0       ?_OptionsStorage@?1??__local_stdio_scanf_options@@9@4_KA 004050c0     MSVCRT:default_local_stdio_options.obj
 0003:000000c8       ___scrt_debugger_hook_flag 004050c8     MSVCRT:utility_desktop.obj
 0003:000000cc       ___avx10_version           004050cc     MSVCRT:cpu_disp.obj
 0003:000000d0       ___isa_available           004050d0     MSVCRT:cpu_disp.obj
 0003:000000d4       ___favor                   004050d4     MSVCRT:cpu_disp.obj
 0003:000003f8       ?_OptionsStorage@?1??__local_stdio_printf_options@@9@4_KA 004053f8     2115227_±Ë¡§¿±_attack.obj
 0003:00000400       ___dyn_tls_dtor_callback   00405400     <common>
 0003:00000404       ___dyn_tls_init_callback   00405404     <common>

 entry point at        0001:000006cf

 Static symbols

 0000:ffff9000       .debug$S                   00400000     ucrt:api-ms-win-crt-heap-l1-1-0.dll
 0000:ffff9000       .debug$S                   00400000     ucrt:api-ms-win-crt-locale-l1-1-0.dll
 0000:ffff9000       .debug$S                   00400000     ucrt:api-ms-win-crt-math-l1-1-0.dll
 0000:ffff9000       .debug$S                   00400000     ucrt:api-ms-win-crt-runtime-l1-1-0.dll
 0000:ffff9000       .debug$S                   00400000     ucrt:api-ms-win-crt-runtime-l1-1-0.dll
 0000:ffff9000       .debug$S                   00400000     ucrt:api-ms-win-crt-runtime-l1-1-0.dll
 0000:ffff9000       .debug$S                   00400000     ucrt:api-ms-win-crt-runtime-l1-1-0.dll
 0000:ffff9000       .debug$S                   00400000     ucrt:api-ms-win-crt-runtime-l1-1-0.dll
 0000:ffff9000       .debug$S                   00400000     ucrt:api-ms-win-crt-runtime-l1-1-0.dll
 0000:ffff9000       .debug$S                   00400000     ucrt:api-ms-win-crt-runtime-l1-1-0.dll
 0000:ffff9000       .debug$S                   00400000     ucrt:api-ms-win-crt-runtime-l1-1-0.dll
 0000:ffff9000       .debug$S                   00400000     ucrt:api-ms-win-crt-runtime-l1-1-0.dll
 0000:ffff9000       .debug$S                   00400000     ucrt:api-ms-win-crt-runtime-l1-1-0.dll
 0000:ffff9000       .debug$S                   00400000     ucrt:api-ms-win-crt-runtime-l1-1-0.dll
 0000:ffff9000       .debug$S                   00400000     ucrt:api-ms-win-crt-runtime-l1-1-0.dll
 0000:ffff9000       .debug$S                   00400000     ucrt:api-ms-win-crt-runtime-l1-1-0.dll
 0000:ffff9000       .debug$S                   00400000     ucrt:api-ms-win-crt-runtime-l1-1-0.dll
 0000:ffff9000       .debug$S                   00400000     ucrt:api-ms-win-crt-runtime-l1-1-0.dll
 0000:ffff9000       .debug$S                   00400000     ucrt:api-ms-win-crt-runtime-l1-1-0.dll
 0000:ffff9000       .debug$S                   00400000     ucrt:api-ms-win-crt-runtime-l1-1-0.dll
 0000:ffff9000       .debug$S                   00400000     ucrt:api-ms-win-crt-runtime-l1-1-0.dll
 0000:ffff9000       .debug$S                   00400000     ucrt:api-ms-win-crt-runtime-l1-1-0.dll
 0000:ffff9000       .debug$S                   00400000     ucrt:api-ms-win-crt-runtime-l1-1-0.dll
 0000:ffff9000       .debug$S                   00400000     ucrt:api-ms-win-crt-runtime-l1-1-0.dll
 0000:ffff9000       .debug$S                   00400000     ucrt:api-ms-win-crt-runtime-l1-1-0.dll
 0000:ffff9000       .debug$S                   00400000     ucrt:api-ms-win-crt-stdio-l1-1-0.dll
 0000:ffff9000       .debug$S                   00400000     ucrt:api-ms-win-crt-stdio-l1-1-0.dll
 0000:ffff9000       .debug$S                   00400000     ucrt:api-ms-win-crt-stdio-l1-1-0.dll
 0000:ffff9000       .debug$S                   00400000     ucrt:api-ms-win-crt-stdio-l1-1-0.dll
 0000:ffff9000       .debug$S                   00400000     ucrt:api-ms-win-crt-stdio-l1-1-0.dll
 0000:ffff9000       .debug$S                   00400000     ucrt:api-ms-win-crt-string-l1-1-0.dll
 0000:ffff9000       .debug$S                   00400000     kernel32:KERNEL32.dll
 0000:ffff9000       .debug$S                   00400000     kernel32:KERNEL32.dll
 0000:ffff9000       .debug$S                   00400000     kernel32:KERNEL32.dll
 0000:ffff9000       .debug$S                   00400000     kernel32:KERNEL32.dll
 0000:ffff9000       .debug$S                   00400000     kernel32:KERNEL32.dll
 0000:ffff9000       .debug$S                   00400000     kernel32:KERNEL32.dll
 0000:ffff9000       .debug$S                   00400000     kernel32:KERNEL32.dll
 0000:ffff9000       .debug$S                   00400000     kernel32:KERNEL32.dll
 0000:ffff9000       .debug$S                   00400000     kernel32:KERNEL32.dll
 0000:ffff9000       .debug$S                   00400000     kernel32:KERNEL32.dll
 0000:ffff9000       .debug$S                   00400000     kernel32:KERNEL32.dll
 0000:ffff9000       .debug$S                   00400000     kernel32:KERNEL32.dll
 0000:ffff9000       .debug$S                   00400000     kernel32:KERNEL32.dll
 0000:ffff9000       .debug$S                   00400000     kernel32:KERNEL32.dll
 0000:ffff9000       .debug$S                   00400000     kernel32:KERNEL32.dll
 0000:ffff9000       .debug$S                   00400000     kernel32:KERNEL32.dll
 0000:ffff9000       .debug$S                   00400000     kernel32:KERNEL32.dll
 0000:ffff9000       .debug$S                   00400000     kernel32:KERNEL32.dll
 0000:ffff9000       .debug$S                   00400000     kernel32:KERNEL32.dll
 0000:ffff9000       .debug$S                   00400000     kernel32:KERNEL32.dll
 0000:ffff9000       .debug$S                   00400000     kernel32:KERNEL32.dll
 0000:ffff9000       .debug$S                   00400000     kernel32:KERNEL32.dll
 0000:ffff9000       .debug$S                   00400000     kernel32:KERNEL32.dll
 0000:ffff9000       .debug$S                   00400000     kernel32:KERNEL32.dll
 0000:ffff9000       .debug$S                   00400000     kernel32:KERNEL32.dll
 0000:ffff9000       .debug$S                   00400000     kernel32:KERNEL32.dll
 0000:ffff9000       .debug$S                   00400000     kernel32:KERNEL32.dll
 0000:ffff9000       .debug$S                   00400000     kernel32:KERNEL32.dll
 0000:ffff9000       .debug$S                   00400000     vcruntime:VCRUNTIME140.dll
 0000:ffff9000       .debug$S                   00400000     vcruntime:VCRUNTIME140.dll
 0000:ffff9000       .debug$S                   00400000     vcruntime:VCRUNTIME140.dll
 0000:ffff9000       .debug$S                   00400000     vcruntime:VCRUNTIME140.dll
 0000:ffff9000       .debug$S                   00400000     vcruntime:VCRUNTIME140.dll
 0001:00000485       ?pre_c_initialization@@YAHXZ 00401485 f   MSVCRT:exe_main.obj
 0001:00000530       ?post_pgo_initialization@@YAHXZ 00401530 f   MSVCRT:exe_main.obj
 0001:00000538       ?pre_cpp_initialization@@YAXXZ 00401538 f   MSVCRT:exe_main.obj
 0001:0000054a       ?__scrt_common_main_seh@@YAHXZ 0040154a f   MSVCRT:exe_main.obj
 0001:000006d9       ?find_pe_section@@YAPAU_IMAGE_SECTION_HEADER@@QAEI@Z 004016d9 f   MSVCRT:utility.obj
 0001:0000092c       ___get_entropy             0040192c f   MSVCRT:gs_support.obj
 0001:00000c60       $$000000                   00401c60     MSVCRT:sehprolg4.obj
 0002:00000118       ?pre_cpp_initializer@@3P6AXXZA 00403118     MSVCRT:exe_main.obj
 0002:00000124       ?pre_c_initializer@@3P6AHXZA 00403124     MSVCRT:exe_main.obj
 0002:00000128       ?post_pgo_initializer@@3P6AHXZA 00403128     MSVCRT:exe_main.obj
 0002:00000140       _GS_ExceptionPointers      00403140     MSVCRT:gs_report.obj
 0002:00000148       $SG4294967291              00403148     2115227_±Ë¡§¿±_attack.obj
 0002:00000168       $SG4294967290              00403168     2115227_±Ë¡§¿±_attack.obj
 0002:000001a8       $SG4294967289              004031a8     2115227_±Ë¡§¿±_attack.obj
 0002:000001f0       $SG4294967288              004031f0     2115227_±Ë¡§¿±_attack.obj
 0002:00000240       $SG4294967287              00403240     2115227_±Ë¡§¿±_attack.obj
 0002:00000250       $SG4294967286              00403250     2115227_±Ë¡§¿±_attack.obj
 0002:00000260       $SG4294967285              00403260     2115227_±Ë¡§¿±_attack.obj
 0002:000002a8       $SG4294967284              004032a8     2115227_±Ë¡§¿±_attack.obj
 0002:000002e8       $SG4294967283              004032e8     2115227_±Ë¡§¿±_attack.obj
 0002:00000328       $SG4294967282              00403328     2115227_±Ë¡§¿±_attack.obj
 0002:00000340       $SG4294967281              00403340     2115227_±Ë¡§¿±_attack.obj
 0002:00000380       $SG4294967280              00403380     2115227_±Ë¡§¿±_attack.obj
 0002:000003d4       $SG4294967279              004033d4     2115227_±Ë¡§¿±_attack.obj
 0002:00000400       $SG4294967278              00403400     2115227_±Ë¡§¿±_attack.obj
 0002:00000418       $SG4294967277              00403418     2115227_±Ë¡§¿±_attack.obj
 0002:0000044c       $SG4294967276              0040344c     2115227_±Ë¡§¿±_attack.obj
 0002:00000464       $SG4294967275              00403464     2115227_±Ë¡§¿±_attack.obj
 0002:00000918       __sehtable$?__scrt_common_main_seh@@YAHXZ 00403918     MSVCRT:exe_main.obj
 0002:00000938       __sehtable$___scrt_is_nonwritable_in_current_image 00403938     MSVCRT:utility.obj
 0002:00000c38       .idata$6                   00403c38     kernel32:KERNEL32.dll
 0002:00000c9e       .idata$6                   00403c9e     vcruntime:VCRUNTIME140.dll
 0002:00000ec6       .idata$6                   00403ec6     ucrt:api-ms-win-crt-stdio-l1-1-0.dll
 0002:00000ee6       .idata$6                   00403ee6     ucrt:api-ms-win-crt-string-l1-1-0.dll
 0002:00000f08       .idata$6                   00403f08     ucrt:api-ms-win-crt-runtime-l1-1-0.dll
 0002:00000f2a       .idata$6                   00403f2a     ucrt:api-ms-win-crt-math-l1-1-0.dll
 0002:00000f4a       .idata$6                   00403f4a     ucrt:api-ms-win-crt-locale-l1-1-0.dll
 0002:00000f6c       .idata$6                   00403f6c     ucrt:api-ms-win-crt-heap-l1-1-0.dll
 0003:00000098       ?is_initialized_as_dll@@3_NA 00405098     MSVCRT:utility.obj
 0003:00000099       ?module_local_atexit_table_initialized@@3_NA 00405099     MSVCRT:utility.obj
 0003:0000009c       ?module_local_atexit_table@@3U_onexit_table_t@@A 0040509c     MSVCRT:utility.obj
 0003:000000a8       ?module_local_at_quick_exit_table@@3U_onexit_table_t@@A 004050a8     MSVCRT:utility.obj
 0003:000000d8       _GS_ExceptionRecord        004050d8     MSVCRT:gs_report.obj
 0003:00000128       _GS_ContextRecord          00405128     MSVCRT:gs_report.obj
 0004:00000060       $R000000                   00406060     * linker generated manifest res *
